macro_marketing/BeerSalesData.csv
store,date_of_week,sales,price
STORE1,2010-01-02,1791,2.455616666666667
STORE1,2010-01-09,1865,2.4201883561643838
STORE1,2010-01-16,1486,2.38072695035461
STORE1,2010-01-23,1494,2.4155
STORE1,2010-01-30,1530,2.4683496732026144
STORE1,2010-02-06,1697,2.4828807947019866
STORE1,2010-02-13,1883,2.4834313725490196
STORE1,2010-02-20,1541,2.4119691780821917
STORE1,2010-02-27,1370,2.4114922480620153
STORE1,2010-03-06,1449,2.4049440298507463
STORE1,2010-03-13,1620,2.3999436090225563
STORE1,2010-03-20,1737,2.4285845588235295
STORE1,2010-03-27,1607,2.4524418604651164
STORE1,2010-04-03,1644,2.439233333333333
STORE1,2010-04-10,1991,2.3646283783783786
STORE1,2010-04-17,1800,2.4568959731543623
STORE1,2010-04-24,1801,2.380996732026144
STORE1,2010-05-01,1723,2.430015923566879
STORE1,2010-05-08,2270,2.375907643312102
STORE1,2010-05-15,1872,2.422124183006536
STORE1,2010-05-22,1921,2.3867857142857143
STORE1,2010-05-29,2209,2.414104938271605
STORE1,2010-06-05,2811,2.4113734567901233
STORE1,2010-06-12,1941,2.443983870967742
STORE1,2010-06-19,1854,2.4424668874172184
STORE1,2010-06-26,2064,2.45955
STORE1,2010-07-03,2093,2.409281045751634
STORE1,2010-07-10,3204,2.3610806451612905
STORE1,2010-07-17,2103,2.466824324324324
STORE1,2010-07-24,2140,2.4126960784313725
STORE1,2010-07-31,1951,2.425359477124183
STORE1,2010-08-07,1999,2.430794701986755
STORE1,2010-08-14,2088,2.4076986754966887
STORE1,2010-08-21,2278,2.37527027027027
STORE1,2010-08-28,2063,2.4031724137931034
STORE1,2010-09-04,1657,2.367448630136986
STORE1,2010-09-11,2331,2.4336146496815285
STORE1,2010-09-18,1642,2.4436850649350648
STORE1,2010-09-25,1652,2.366097972972973
STORE1,2010-10-02,1646,2.434098639455782
STORE1,2010-10-09,1554,2.4103819444444445
STORE1,2010-10-16,1729,2.4355
STORE1,2010-10-23,1710,2.4328333333333334
STORE1,2010-10-30,1520,2.4451307189542484
STORE1,2010-11-06,1569,2.4065239726027396
STORE1,2010-11-13,1452,2.3837919463087247
STORE1,2010-11-20,1657,2.4069551282051282
STORE1,2010-11-27,1817,2.361299342105263
STORE1,2010-12-04,1542,2.3748993288590605
STORE1,2010-12-11,1343,2.415612244897959
STORE1,2010-12-18,1498,2.344478417266187
STORE1,2010-12-25,1645,2.4544047619047618
STORE1,2011-01-01,1679,2.488476821192053
STORE1,2011-01-08,1750,2.43089527027027
STORE1,2011-01-15,1240,2.4966145833333333
STORE1,2011-01-22,1325,2.48322695035461
STORE1,2011-01-29,1362,2.5553793103448275
STORE1,2011-02-05,1177,2.4623776223776224
STORE1,2011-02-12,1328,2.46718085106383
STORE1,2011-02-19,1271,2.521543624161074
STORE1,2011-02-26,1319,2.466712328767123
STORE1,2011-03-05,1310,2.5109827586206896
STORE1,2011-03-12,1279,2.4982812500000002
STORE1,2011-03-19,1375,2.4816666666666665
STORE1,2011-03-26,1383,2.462051724137931
STORE1,2011-04-02,1293,2.493863636363636
STORE1,2011-04-09,1389,2.4935416666666668
STORE1,2011-04-16,1437,2.524222972972973
STORE1,2011-04-23,1336,2.465408163265306
STORE1,2011-04-30,1458,2.5168959731543623
STORE1,2011-05-07,2065,2.4260802469135805
STORE1,2011-05-14,2070,2.481160714285714
STORE1,2011-05-21,1608,2.490657894736842
STORE1,2011-05-28,1737,2.490043604651163
STORE1,2011-06-04,2121,2.5086560693641617
STORE1,2011-06-11,1848,2.48
STORE1,2011-06-18,1592,2.488640625
STORE1,2011-06-25,2451,2.483491379310345
STORE1,2011-07-02,1883,2.482379518072289
STORE1,2011-07-09,2806,2.4652285714285713
STORE1,2011-07-16,1847,2.4550613496932514
STORE1,2011-07-23,2036,2.5232738095238094
STORE1,2011-07-30,1932,2.4561029411764705
STORE1,2011-08-06,2177,2.418191176470588
STORE1,2011-08-13,1795,2.464496951219512
STORE1,2011-08-20,1807,2.455625
STORE1,2011-08-27,1763,2.422305389221557
STORE1,2011-09-03,1747,2.524580924855491
STORE1,2011-09-10,2227,2.4342341040462427
STORE1,2011-09-17,1599,2.408343558282209
STORE1,2011-09-24,1684,2.429264705882353
STORE1,2011-10-01,1469,2.395769230769231
STORE1,2011-10-08,1514,2.4740625
STORE1,2011-10-15,1720,2.428557142857143
STORE1,2011-10-22,1552,2.423859375
STORE1,2011-10-29,1454,2.459789156626506
STORE1,2011-11-05,1562,2.339481707317073
STORE1,2011-11-12,1415,2.4613088235294116
STORE1,2011-11-19,1579,2.429984756097561
STORE1,2011-11-26,1899,2.364281609195402
STORE1,2011-12-03,1460,2.410828488372093
STORE1,2011-12-10,1279,2.3906515151515153
STORE1,2011-12-17,1361,2.406556886227545
STORE1,2011-12-24,1699,2.339330357142857
STORE1,2011-12-31,1746,2.4119970414201184
STORE1,2012-01-07,1745,2.3951807228915665
STORE1,2012-01-14,1224,2.4849025974025976
STORE1,2012-01-21,1325,2.4047865853658537
STORE1,2012-01-28,1242,2.3762576687116566
STORE1,2012-02-04,1478,2.404289940828402
STORE1,2012-02-11,1865,2.3732183908045976
STORE1,2012-02-18,1217,2.293645251396648
STORE1,2012-02-25,1323,2.330301724137931
STORE1,2012-03-03,1197,2.402685714285714
STORE1,2012-03-10,1401,2.3161271676300577
STORE1,2012-03-17,1481,2.319211229946524
STORE1,2012-03-24,1786,2.379796954314721
STORE1,2012-03-31,1566,2.3539606741573036
STORE1,2012-04-07,1516,2.328086592178771
STORE1,2012-04-14,1560,2.3507162162162163
STORE1,2012-04-21,1553,2.368699494949495
STORE1,2012-04-28,1403,2.323054054054054
STORE1,2012-05-05,1551,2.3105196629213482
STORE1,2012-05-12,1898,2.355732044198895
STORE1,2012-05-19,1802,2.437240932642487
STORE1,2012-05-26,1914,2.3858333333333333
STORE1,2012-06-02,2656,2.3854289215686273
STORE1,2012-06-09,1701,2.3707
STORE1,2012-06-16,1976,2.4292000000000002
STORE1,2012-06-23,2560,2.324070351758794
STORE1,2012-06-30,1896,2.260360824742268
STORE1,2012-07-07,2941,2.321480099502488
STORE1,2012-07-14,1768,2.314320652173913
STORE1,2012-07-21,2210,2.3318461538461537
STORE1,2012-07-28,2000,2.2780186170212766
STORE1,2012-08-04,2050,2.332175
STORE1,2012-08-11,2038,2.3258044554455446
STORE1,2012-08-18,1936,2.344795918367347
STORE1,2012-08-25,1957,2.365012376237624
STORE1,2012-09-01,2197,2.316666666666667
STORE1,2012-09-08,2189,2.3415547263681593
STORE1,2012-09-15,1879,2.3392894736842105
STORE1,2012-09-22,1988,2.338265306122449
STORE1,2012-09-29,1723,2.3057421875
STORE1,2012-10-06,1751,2.3391005291005293
STORE1,2012-10-13,1703,2.319602272727273
STORE1,2012-10-20,1500,2.3578783783783783
STORE1,2012-10-27,1779,2.3635185185185184
STORE1,2012-11-03,1788,2.398565989847716
STORE1,2012-11-10,1624,2.3843781725888324
STORE1,2012-11-17,1711,2.374246231155779
STORE1,2012-11-24,2065,2.4155778301886794
STORE1,2012-12-01,1758,2.4056770833333334
STORE1,2012-12-08,1506,2.3875526315789473
STORE1,2012-12-15,1531,2.409280104712042
STORE1,2012-12-22,1581,2.403510101010101
STORE1,2012-12-29,2118,2.4022014925373134
STORE1,2013-01-05,2058,2.401834170854271
STORE1,2013-01-12,1203,2.3426381215469614
STORE1,2013-01-19,1347,2.3193435754189946
STORE1,2013-01-26,1441,2.387830687830688
STORE1,2013-02-02,1341,2.39444587628866
STORE1,2013-02-09,1732,2.395877403846154
STORE1,2013-02-16,1420,2.370194300518135
STORE1,2013-02-23,1364,2.398957219251337
STORE1,2013-03-02,1402,2.3253826530612245
STORE1,2013-03-09,1440,2.3984375
STORE1,2013-03-16,1489,2.3993333333333333
STORE1,2013-03-23,1547,2.4080373831775703
STORE1,2013-03-30,1444,2.3376046511627906
STORE1,2013-04-06,1673,2.357534403669725
STORE1,2013-04-13,1643,2.3892156862745098
STORE1,2013-04-20,1532,2.3676904761904765
STORE1,2013-04-27,1751,2.386453488372093
STORE1,2013-05-04,1743,2.42675
STORE1,2013-05-11,2008,2.388647727272727
STORE1,2013-05-18,1814,2.3680184331797234
STORE1,2013-05-25,2024,2.396788888888889
STORE1,2013-06-01,2261,2.3605396475770926
STORE1,2013-06-08,1750,2.3568364928909955
STORE1,2013-06-15,1817,2.3442396313364053
STORE1,2013-06-22,2219,2.2996527777777778
STORE1,2013-06-29,2075,2.3268396226415096
STORE1,2013-07-06,2229,2.3268663594470045
STORE1,2013-07-13,2515,2.34820796460177
STORE1,2013-07-20,2168,2.3215401785714285
STORE1,2013-07-27,2226,2.3330479452054793
STORE1,2013-08-03,1987,2.3673474178403757
STORE1,2013-08-10,2062,2.384965596330275
STORE1,2013-08-17,2104,2.3341190476190476
STORE1,2013-08-24,2193,2.311507177033493
STORE1,2013-08-31,2188,2.34396511627907
STORE1,2013-09-07,2456,2.329417808219178
STORE1,2013-09-14,2123,2.3425352112676054
STORE1,2013-09-21,1939,2.332323943661972
STORE1,2013-09-28,1804,2.28156103286385
STORE1,2013-10-05,1884,2.317707317073171
STORE1,2013-10-12,1804,2.333373786407767
STORE1,2013-10-19,1947,2.367827669902913
STORE1,2013-10-26,1716,2.364433497536946
STORE1,2013-11-02,1722,2.3567890995260665
STORE1,2013-11-09,1826,2.334761904761905
STORE1,2013-11-16,1721,2.3742412935323385
STORE1,2013-11-23,1599,2.342189054726368
STORE1,2013-11-30,1867,2.355905797101449
STORE1,2013-12-07,2204,2.3711556603773585
STORE1,2013-12-14,1640,2.3422426470588236
STORE1,2013-12-21,1545,2.393011904761905
STORE1,2013-12-28,2385,2.355607476635514
STORE1,2014-01-04,1960,2.363423645320197
STORE1,2014-01-11,1314,2.4038341968911916
STORE1,2014-01-18,1411,2.299712041884817
STORE1,2014-01-25,1539,2.4009653465346537
STORE1,2014-02-01,1629,2.3525598086124404
STORE1,2014-02-08,1942,2.3697572815533983
STORE1,2014-02-15,1503,2.365925925925926
STORE1,2014-02-22,1752,2.322164179104478
STORE1,2014-03-01,1680,2.3693969849246233
STORE1,2014-03-08,1725,2.3589356435643563
STORE1,2014-03-15,1667,2.372603092783505
STORE1,2014-03-22,1717,2.389220297029703
STORE1,2014-03-29,1813,2.29274154589372
STORE1,2014-04-05,1725,2.3598852040816327
STORE1,2014-04-12,1758,2.3337109375
STORE1,2014-04-19,1804,2.3854663212435234
STORE1,2014-04-26,2029,2.4158620689655175
STORE1,2014-05-03,1797,2.3439413265306124
STORE1,2014-05-10,2020,2.39303317535545
STORE1,2014-05-17,2275,2.385329949238579
STORE1,2014-05-24,1897,2.4104125
STORE1,2014-05-31,2801,2.373080568720379
STORE1,2014-06-07,2233,2.342475369458128
STORE1,2014-06-14,2187,2.35945
STORE1,2014-06-21,2489,2.373913043478261
STORE1,2014-06-28,2180,2.3794925742574256
STORE1,2014-07-05,2303,2.3642821782178216
STORE1,2014-07-12,2837,2.4063625592417064
STORE1,2014-07-19,2201,2.392705128205128
STORE1,2014-07-26,2303,2.376721105527638
STORE1,2014-08-02,2290,2.44295
STORE1,2014-08-09,2206,2.38345
STORE1,2014-08-16,2074,2.3910696517412937
STORE1,2014-08-23,2205,2.3918440594059405
STORE1,2014-08-30,2111,2.352640306122449
STORE1,2014-09-06,2695,2.3861267605633802
STORE1,2014-09-13,2154,2.4114783653846152
STORE1,2014-09-20,1947,2.4024146341463415
STORE1,2014-09-27,1946,2.4220509708737863
STORE1,2014-10-04,2039,2.4104773869346734
STORE1,2014-10-11,1946,2.441225
STORE1,2014-10-18,1954,2.4240169902912623
STORE1,2014-10-25,1904,2.397058080808081
STORE1,2014-11-01,1951,2.413392857142857
STORE1,2014-11-08,2012,2.413170731707317
STORE1,2014-11-15,1782,2.414217948717949
STORE1,2014-11-22,1757,2.4295747422680414
STORE1,2014-11-29,1969,2.4586633663366335
STORE1,2014-12-06,2281,2.4531632653061224
STORE1,2014-12-13,1812,2.3752260638297873
STORE1,2014-12-20,1866,2.4431088082901553
STORE1,2014-12-27,2305,2.4077970297029703
STORE1,2015-01-03,1947,2.368520408163265
STORE1,2015-01-10,2035,2.3510677083333333
STORE1,2015-01-17,1564,2.3875270270270272
STORE1,2015-01-24,1746,2.3764166666666666
STORE1,2015-01-31,1649,2.3853897849462364
STORE1,2015-02-07,1966,2.4305223880597016
STORE1,2015-02-14,1573,2.379986111111111
STORE1,2015-02-21,1708,2.4442777777777778
STORE1,2015-02-28,1630,2.3440437158469947
STORE1,2015-03-07,1618,2.3576236263736265
STORE1,2015-03-14,1721,2.3586315789473686
STORE1,2015-03-21,1866,2.4003475935828877
STORE1,2015-03-28,1656,2.4198843930635836
STORE1,2015-04-04,1746,2.3364381720430107
STORE1,2015-04-11,2148,2.3866486486486487
STORE1,2015-04-18,2009,2.4194553072625697
STORE1,2015-04-25,2085,2.4249732620320854
STORE1,2015-05-02,2043,2.3500137362637363
STORE1,2015-05-09,2530,2.3958333333333335
STORE1,2015-05-16,2163,2.4096132596685083
STORE1,2015-05-23,2230,2.3531640625
STORE1,2015-05-30,2780,2.3264561855670105
STORE1,2015-06-06,2122,2.405589005235602
STORE1,2015-06-13,2451,2.411764705882353
STORE1,2015-06-20,2519,2.3468617021276597
STORE1,2015-06-27,2716,2.271415343915344
STORE1,2015-07-04,2207,2.394863387978142
STORE1,2015-07-11,3026,2.3669770408163266
STORE1,2015-07-18,2323,2.324642857142857
STORE1,2015-07-25,2545,2.3558050847457626
STORE1,2015-08-01,2589,2.3281617647058823
STORE1,2015-08-08,2671,2.3530434782608696
STORE1,2015-08-15,2335,2.327541208791209
STORE1,2015-08-22,2658,2.3245391061452514
STORE1,2015-08-29,2583,2.3524324324324324
STORE1,2015-09-05,2550,2.341983695652174
STORE1,2015-09-12,3062,2.3401728723404256
STORE1,2015-09-19,2373,2.3422316384180792
STORE1,2015-09-26,2439,2.342120786516854
STORE1,2015-10-03,2219,2.3439207650273226
STORE1,2015-10-10,2291,2.3386705202312137
STORE1,2015-10-17,2567,2.355457142857143
STORE1,2015-10-24,2287,2.4062058823529413
STORE1,2015-10-31,2257,2.401777456647399
STORE1,2015-11-07,2260,2.3847513812154695
STORE1,2015-11-14,1983,2.373431952662722
STORE1,2015-11-21,2019,2.411067251461988
STORE1,2015-11-28,2194,2.4406647398843933
STORE1,2015-12-05,2403,2.4419972067039106
STORE1,2015-12-12,1837,2.4740552325581397
STORE1,2015-12-19,1960,2.442014705882353
STORE1,2015-12-26,2068,2.37140988372093
STORE1,2016-01-02,2186,2.4104741379310344
STORE1,2016-01-09,2351,2.4121029411764705
STORE1,2016-01-16,1739,2.442562893081761
STORE1,2016-01-23,1865,2.4049397590361448
STORE1,2016-01-30,1808,2.428629518072289
STORE1,2016-02-06,1894,2.4461581920903956
STORE1,2016-02-13,2178,2.379166666666667
STORE1,2016-02-20,1746,2.41248502994012
STORE1,2016-02-27,1826,2.3998701298701297
STORE1,2016-03-05,1861,2.4246029411764707
STORE1,2016-03-12,1809,2.4138517441860463
STORE1,2016-03-19,2002,2.396154970760234
STORE1,2016-03-26,1941,2.3644610778443114
STORE1,2016-04-02,2320,2.37822625698324
STORE1,2016-04-09,2068,2.393091715976331
STORE1,2016-04-16,2013,2.4448699421965316
STORE1,2016-04-23,2260,2.407646198830409
STORE1,2016-04-30,2169,2.444986033519553
STORE1,2016-05-07,2047,2.4361111111111113
STORE1,2016-05-14,2168,2.3951017441860465
STORE1,2016-05-21,1864,2.434470588235294
STORE1,2016-05-28,2144,2.412627118644068
STORE1,2016-06-04,2728,2.4064594594594593
STORE1,2016-06-11,1943,2.4332303370786517
STORE1,2016-06-18,2259,2.365222222222222
STORE1,2016-06-25,2466,2.3875956284153004
STORE1,2016-07-02,2062,2.4089670658682634
STORE1,2016-07-09,2825,2.3509116022099446
STORE1,2016-07-16,2119,2.3422754491017965
STORE1,2016-07-23,2120,2.3537215909090907
STORE1,2016-07-30,2085,2.3926323529411766
STORE1,2016-08-06,2110,2.343318713450292
STORE1,2016-08-13,2214,2.371347222222222
STORE1,2016-08-20,2092,2.355782122905028
STORE1,2016-08-27,2073,2.364659090909091
STORE1,2016-09-03,2108,2.415377094972067
STORE1,2016-09-10,2347,2.3791022099447514
STORE1,2016-09-17,1956,2.3970251396648043
STORE1,2016-09-24,2082,2.3682714285714286
STORE1,2016-10-01,1879,2.382571022727273
STORE1,2016-10-08,1826,2.331114285714286
STORE1,2016-10-15,2089,2.3519027777777777
STORE1,2016-10-22,1928,2.4005202312138727
STORE1,2016-10-29,2026,2.3926142857142856
STORE1,2016-11-05,2131,2.3858659217877096
STORE1,2016-11-12,1971,2.4392428571428573
STORE1,2016-11-19,1907,2.386067073170732
STORE1,2016-11-26,1973,2.365675287356322
STORE1,2016-12-03,2050,2.396463068181818
STORE1,2016-12-10,1659,2.4104848484848485
STORE1,2016-12-17,1682,2.386579754601227
STORE1,2016-12-24,1735,2.3598270440251574
STORE1,2016-12-31,2138,2.3835335195530725
