macro_marketing/BeerSalesData.csv
store,date_of_week,sales,price
STORE2,2010-01-02,2214,3.1492307692307695
STORE2,2010-01-09,1168,3.1824013157894737
STORE2,2010-01-16,1149,3.18711038961039
STORE2,2010-01-23,1082,3.1185
STORE2,2010-01-30,1350,3.1776666666666666
STORE2,2010-02-06,1141,3.0233227848101265
STORE2,2010-02-13,1401,3.1230864197530863
STORE2,2010-02-20,1513,3.0817283950617282
STORE2,2010-02-27,1339,2.9872697368421055
STORE2,2010-03-06,1203,3.0304929577464788
STORE2,2010-03-13,1409,3.127218309859155
STORE2,2010-03-20,1665,3.129236111111111
STORE2,2010-03-27,1584,3.026544117647059
STORE2,2010-04-03,1437,3.1884782608695654
STORE2,2010-04-10,1567,3.1416304347826087
STORE2,2010-04-17,1514,3.0865202702702703
STORE2,2010-04-24,1563,3.0036708860759496
STORE2,2010-05-01,1821,2.947598684210526
STORE2,2010-05-08,1776,2.8560625
STORE2,2010-05-15,1789,2.950670731707317
STORE2,2010-05-22,1745,2.982861842105263
STORE2,2010-05-29,1593,2.883116883116883
STORE2,2010-06-05,2167,2.945886075949367
STORE2,2010-06-12,1701,2.98628125
STORE2,2010-06-19,1967,2.955263157894737
STORE2,2010-06-26,1881,2.931602564102564
STORE2,2010-07-03,1818,2.8741666666666665
STORE2,2010-07-10,2059,3.018269230769231
STORE2,2010-07-17,1988,3.0387654320987654
STORE2,2010-07-24,1692,3.00003125
STORE2,2010-07-31,1859,2.975981012658228
STORE2,2010-08-07,1780,3.0223765432098766
STORE2,2010-08-14,1817,2.9010759493670886
STORE2,2010-08-21,1993,2.82375
STORE2,2010-08-28,1812,2.844351851851852
STORE2,2010-09-04,1720,2.97696875
STORE2,2010-09-11,1804,2.911385542168675
STORE2,2010-09-18,1609,2.93278125
STORE2,2010-09-25,1788,2.8868373493975903
STORE2,2010-10-02,1982,2.9328086419753086
STORE2,2010-10-09,1622,2.9937337662337664
STORE2,2010-10-16,1637,2.9726602564102564
STORE2,2010-10-23,1436,2.901948051948052
STORE2,2010-10-30,1686,2.9213291139240507
STORE2,2010-11-06,1770,2.8742948717948718
STORE2,2010-11-13,1433,2.9828
STORE2,2010-11-20,1323,2.8908333333333336
STORE2,2010-11-27,1852,2.957625
STORE2,2010-12-04,1182,3.0622727272727275
STORE2,2010-12-11,1271,3.0308333333333333
STORE2,2010-12-18,1361,3.0014329268292683
STORE2,2010-12-25,1853,2.99515625
STORE2,2011-01-01,1880,3.07178125
STORE2,2011-01-08,1032,2.960506756756757
STORE2,2011-01-15,1437,3.0390625
STORE2,2011-01-22,1563,3.128421052631579
STORE2,2011-01-29,1476,3.0925000000000002
STORE2,2011-02-05,1334,3.002269736842105
STORE2,2011-02-12,1794,3.0306089743589744
STORE2,2011-02-19,1461,3.0187337662337663
STORE2,2011-02-26,1602,3.037753164556962
STORE2,2011-03-05,1702,2.9799
STORE2,2011-03-12,1643,3.0127906976744185
STORE2,2011-03-19,1870,2.8122812500000003
STORE2,2011-03-26,1643,2.941609195402299
STORE2,2011-04-02,2020,2.912956989247312
STORE2,2011-04-09,1904,2.925397727272727
STORE2,2011-04-16,2378,2.8859615384615385
STORE2,2011-04-23,2051,2.920284090909091
STORE2,2011-04-30,2243,2.8202058823529415
STORE2,2011-05-07,2432,2.888027777777778
STORE2,2011-05-14,2112,2.8260833333333335
STORE2,2011-05-21,1944,2.827247191011236
STORE2,2011-05-28,2073,2.8098369565217394
STORE2,2011-06-04,2347,2.813379120879121
STORE2,2011-06-11,2012,2.824388888888889
STORE2,2011-06-18,2281,2.8342032967032966
STORE2,2011-06-25,2511,2.8416954022988508
STORE2,2011-07-02,2261,2.815166666666667
STORE2,2011-07-09,3050,2.7319086021505377
STORE2,2011-07-16,2185,2.8740109890109893
STORE2,2011-07-23,2189,2.8137087912087915
STORE2,2011-07-30,2287,2.8056034482758623
STORE2,2011-08-06,2448,2.7940934065934067
STORE2,2011-08-13,2293,2.798861111111111
STORE2,2011-08-20,2237,2.8871686746987955
STORE2,2011-08-27,2516,2.8202989130434784
STORE2,2011-09-03,2319,2.7815053763440862
STORE2,2011-09-10,2600,2.876846590909091
STORE2,2011-09-17,2332,2.7707303370786516
STORE2,2011-09-24,2138,2.8619021739130437
STORE2,2011-10-01,2101,2.8890263157894736
STORE2,2011-10-08,1966,2.9095430107526883
STORE2,2011-10-15,2305,2.889483695652174
STORE2,2011-10-22,1873,2.9527222222222225
STORE2,2011-10-29,1932,2.894232954545455
STORE2,2011-11-05,1772,2.9027034883720932
STORE2,2011-11-12,1777,2.86497311827957
STORE2,2011-11-19,1651,2.9235057471264367
STORE2,2011-11-26,2301,2.886424731182796
STORE2,2011-12-03,1435,2.7789244186046513
STORE2,2011-12-10,1633,2.853214285714286
STORE2,2011-12-17,1641,2.7722159090909093
STORE2,2011-12-24,2617,2.868516483516484
STORE2,2011-12-31,2490,2.907305555555556
STORE2,2012-01-07,1701,2.861278409090909
STORE2,2012-01-14,1680,2.9692857142857143
STORE2,2012-01-21,1558,2.892470588235294
STORE2,2012-01-28,1681,2.9199728260869566
STORE2,2012-02-04,1948,2.8892582417582418
STORE2,2012-02-11,1900,2.863953488372093
STORE2,2012-02-18,1844,2.932471590909091
STORE2,2012-02-25,1943,2.856
STORE2,2012-03-03,1825,2.867526315789474
STORE2,2012-03-10,2028,2.807205882352941
STORE2,2012-03-17,1503,2.7922674418604654
STORE2,2012-03-24,1713,2.7179464285714285
STORE2,2012-03-31,1664,2.737335164835165
STORE2,2012-04-07,2144,2.8101612903225806
STORE2,2012-04-14,2189,2.688341836734694
STORE2,2012-04-21,2356,2.7352717391304346
STORE2,2012-04-28,2034,2.705763157894737
STORE2,2012-05-05,2302,2.718842105263158
STORE2,2012-05-12,2188,2.7388440860215053
STORE2,2012-05-19,2437,2.715212765957447
STORE2,2012-05-26,2387,2.68109375
STORE2,2012-06-02,2421,2.73055
STORE2,2012-06-09,2277,2.770575
STORE2,2012-06-16,2240,2.787139175257732
STORE2,2012-06-23,2407,2.7740364583333332
STORE2,2012-06-30,2387,2.796932989690722
STORE2,2012-07-07,2835,2.7707908163265307
STORE2,2012-07-14,2159,2.7572680412371136
STORE2,2012-07-21,2267,2.7782474226804124
STORE2,2012-07-28,2237,2.7613541666666666
STORE2,2012-08-04,2205,2.767219387755102
STORE2,2012-08-11,2753,2.7693298969072164
STORE2,2012-08-18,2480,2.7619072164948455
STORE2,2012-08-25,2418,2.670398936170213
STORE2,2012-09-01,2577,2.7098177083333335
STORE2,2012-09-08,2692,2.7244444444444444
STORE2,2012-09-15,2663,2.740229591836735
STORE2,2012-09-22,2568,2.6714583333333333
STORE2,2012-09-29,2451,2.662157894736842
STORE2,2012-10-06,2472,2.774342105263158
STORE2,2012-10-13,2210,2.71675
STORE2,2012-10-20,2330,2.74659793814433
STORE2,2012-10-27,2190,2.750325
STORE2,2012-11-03,2223,2.7226237623762377
STORE2,2012-11-10,2031,2.7311893203883497
STORE2,2012-11-17,1994,2.7114000000000003
STORE2,2012-11-24,2832,2.7607673267326733
STORE2,2012-12-01,1586,2.8551944444444444
STORE2,2012-12-08,2111,2.7775
STORE2,2012-12-15,1853,2.746489898989899
STORE2,2012-12-22,1927,2.776111111111111
STORE2,2012-12-29,2456,2.7593939393939393
STORE2,2013-01-05,2676,2.8084000000000002
STORE2,2013-01-12,1714,2.7922448979591836
STORE2,2013-01-19,1760,2.817475
STORE2,2013-01-26,1895,2.7999752475247526
STORE2,2013-02-02,1749,2.8397087378640777
STORE2,2013-02-09,1877,2.8200980392156865
STORE2,2013-02-16,1932,2.8241831683168317
STORE2,2013-02-23,1782,2.803308080808081
STORE2,2013-03-02,2093,2.801089108910891
STORE2,2013-03-09,1955,2.830975
STORE2,2013-03-16,2055,2.8141176470588234
STORE2,2013-03-23,2151,2.7741089108910892
STORE2,2013-03-30,2226,2.7956250000000002
STORE2,2013-04-06,2169,2.81373786407767
STORE2,2013-04-13,2088,2.803137254901961
STORE2,2013-04-20,2228,2.8090291262135922
STORE2,2013-04-27,2298,2.7956127450980395
STORE2,2013-05-04,2439,2.762452380952381
STORE2,2013-05-11,2444,2.7864583333333335
STORE2,2013-05-18,2637,2.807843137254902
STORE2,2013-05-25,2511,2.768063725490196
STORE2,2013-06-01,2740,2.7372429906542055
STORE2,2013-06-08,2360,2.7707451923076922
STORE2,2013-06-15,2443,2.775943396226415
STORE2,2013-06-22,2841,2.732299107142857
STORE2,2013-06-29,2592,2.7099285714285717
STORE2,2013-07-06,3442,2.7694675925925925
STORE2,2013-07-13,2535,2.793975
STORE2,2013-07-20,2675,2.7885204081632655
STORE2,2013-07-27,2599,2.811969696969697
STORE2,2013-08-03,2525,2.7945792079207923
STORE2,2013-08-10,2592,2.79985
STORE2,2013-08-17,2643,2.7686029411764705
STORE2,2013-08-24,2572,2.744615384615385
STORE2,2013-08-31,2972,2.736723300970874
STORE2,2013-09-07,3237,2.784481132075472
STORE2,2013-09-14,3034,2.790625
STORE2,2013-09-21,2214,2.833595238095238
STORE2,2013-09-28,2465,2.815144230769231
STORE2,2013-10-05,2530,2.8812621359223303
STORE2,2013-10-12,2522,2.9128365384615384
STORE2,2013-10-19,2486,2.917029702970297
STORE2,2013-10-26,2226,2.9086057692307694
STORE2,2013-11-02,2291,2.9111519607843137
STORE2,2013-11-09,2182,2.8909223300970877
STORE2,2013-11-16,2288,2.878979591836735
STORE2,2013-11-23,2016,2.917970297029703
STORE2,2013-11-30,2727,2.8495990566037737
STORE2,2013-12-07,1677,2.788811881188119
STORE2,2013-12-14,1915,2.7464356435643564
STORE2,2013-12-21,2155,2.8266826923076924
STORE2,2013-12-28,3035,2.8023333333333333
STORE2,2014-01-04,3320,2.8236650485436896
STORE2,2014-01-11,1916,2.747791262135922
STORE2,2014-01-18,2252,2.79344387755102
STORE2,2014-01-25,2291,2.858575
STORE2,2014-02-01,2029,2.8612621359223303
STORE2,2014-02-08,2028,2.784126213592233
STORE2,2014-02-15,2301,2.896176470588235
STORE2,2014-02-22,2283,2.8477403846153844
STORE2,2014-03-01,1911,2.946701030927835
STORE2,2014-03-08,2319,2.914
STORE2,2014-03-15,2369,2.849825
STORE2,2014-03-22,2350,2.873473684210526
STORE2,2014-03-29,2086,2.875
STORE2,2014-04-05,2296,2.83
STORE2,2014-04-12,2533,2.8762228260869565
STORE2,2014-04-19,2414,2.8882880434782607
STORE2,2014-04-26,2532,2.8766573033707865
STORE2,2014-05-03,2928,2.914943181818182
STORE2,2014-05-10,2567,2.916627906976744
STORE2,2014-05-17,3260,2.877097701149425
STORE2,2014-05-24,2465,2.885603448275862
STORE2,2014-05-31,2933,2.9189444444444446
STORE2,2014-06-07,2531,2.949235294117647
STORE2,2014-06-14,2460,2.975402298850575
STORE2,2014-06-21,2577,2.9920224719101123
STORE2,2014-06-28,2545,2.8931593406593406
STORE2,2014-07-05,3445,2.9354722222222223
STORE2,2014-07-12,2413,2.96435393258427
STORE2,2014-07-19,2443,2.9033045977011493
STORE2,2014-07-26,2658,2.891505681818182
STORE2,2014-08-02,2643,2.931448863636364
STORE2,2014-08-09,2679,2.934885057471264
STORE2,2014-08-16,2711,2.9463505747126435
STORE2,2014-08-23,2624,2.933333333333333
STORE2,2014-08-30,2677,2.8874719101123594
STORE2,2014-09-06,2764,2.944483695652174
STORE2,2014-09-13,2846,3.0109269662921347
STORE2,2014-09-20,2727,3.001440217391304
STORE2,2014-09-27,2479,3.0220555555555557
STORE2,2014-10-04,2536,3.016086956521739
STORE2,2014-10-11,2514,3.034691011235955
STORE2,2014-10-18,2301,3.007608695652174
STORE2,2014-10-25,2417,2.994945054945055
STORE2,2014-11-01,2343,3.0123157894736843
STORE2,2014-11-08,2279,3.0048641304347825
STORE2,2014-11-15,2051,2.972471590909091
STORE2,2014-11-22,2130,2.9551344086021505
STORE2,2014-11-29,3175,2.9598655913978495
STORE2,2014-12-06,1747,2.923380681818182
STORE2,2014-12-13,1948,2.9587921348314605
STORE2,2014-12-20,1745,2.870028735632184
STORE2,2014-12-27,2686,2.94311797752809
STORE2,2015-01-03,2565,2.892391304347826
STORE2,2015-01-10,1692,2.9212087912087914
STORE2,2015-01-17,1833,3.012840909090909
STORE2,2015-01-24,1959,2.9619886363636363
STORE2,2015-01-31,1973,2.929073033707865
STORE2,2015-02-07,2315,2.9560752688172043
STORE2,2015-02-14,2238,3.010467032967033
STORE2,2015-02-21,1935,2.9860714285714285
STORE2,2015-02-28,1904,2.963636363636364
STORE2,2015-03-07,1984,2.9975271739130434
STORE2,2015-03-14,2360,2.9412239583333335
STORE2,2015-03-21,2479,3.0561170212765956
STORE2,2015-03-28,2423,3.016938775510204
STORE2,2015-04-04,2450,3.03406914893617
STORE2,2015-04-11,2435,3.0173724489795917
STORE2,2015-04-18,2415,3.0273670212765955
STORE2,2015-04-25,2033,3.049429347826087
STORE2,2015-05-02,2989,3.0551822916666667
STORE2,2015-05-09,1901,3.0378846153846153
STORE2,2015-05-16,2188,3.049505208333333
STORE2,2015-05-23,2170,3.0944132653061223
STORE2,2015-05-30,2469,3.057447916666667
STORE2,2015-06-06,2385,2.9908426966292136
STORE2,2015-06-13,2348,2.9606382978723405
STORE2,2015-06-20,2615,2.987
STORE2,2015-06-27,2570,2.9655729166666664
STORE2,2015-07-04,3422,2.957369791666667
STORE2,2015-07-11,2286,2.956123595505618
STORE2,2015-07-18,2349,2.9983762886597938
STORE2,2015-07-25,2542,3.063813131313131
STORE2,2015-08-01,2573,3.067265625
STORE2,2015-08-08,2413,3.0190816326530614
STORE2,2015-08-15,2573,3.003712121212121
STORE2,2015-08-22,2381,3.0379846938775508
STORE2,2015-08-29,2534,3.0423684210526316
STORE2,2015-09-05,2403,3.043298969072165
STORE2,2015-09-12,2959,2.992627551020408
STORE2,2015-09-19,2588,2.963921052631579
STORE2,2015-09-26,2562,3.0183673469387755
STORE2,2015-10-03,2306,3.033404255319149
STORE2,2015-10-10,2395,3.0671874999999997
STORE2,2015-10-17,2347,2.978645833333333
STORE2,2015-10-24,2258,3.0723969072164947
STORE2,2015-10-31,2310,3.033556701030928
STORE2,2015-11-07,2092,3.0233695652173913
STORE2,2015-11-14,1878,3.0595
STORE2,2015-11-21,1967,3.101159793814433
STORE2,2015-11-28,2568,3.1135858585858585
STORE2,2015-12-05,1713,3.0535752688172044
STORE2,2015-12-12,1880,3.062628865979381
STORE2,2015-12-19,1634,3.013582474226804
STORE2,2015-12-26,2378,3.0837259615384616
STORE2,2016-01-02,2513,3.1801650943396225
STORE2,2016-01-09,1428,3.1698300970873787
STORE2,2016-01-16,1681,3.2243434343434343
STORE2,2016-01-23,1793,3.128061224489796
STORE2,2016-01-30,1845,3.140425
STORE2,2016-02-06,1867,3.118539603960396
STORE2,2016-02-13,2398,3.2293499999999997
STORE2,2016-02-20,1985,3.193659793814433
STORE2,2016-02-27,2067,3.194355670103093
STORE2,2016-03-05,1918,3.24885
STORE2,2016-03-12,1850,3.208078947368421
STORE2,2016-03-19,2000,3.235077319587629
STORE2,2016-03-26,2167,3.2408072916666666
STORE2,2016-04-02,2226,3.251989247311828
STORE2,2016-04-09,1911,3.1410060975609757
STORE2,2016-04-16,2361,3.1492168674698795
STORE2,2016-04-23,2515,3.2619540229885056
STORE2,2016-04-30,2053,3.1295402298850576
STORE2,2016-05-07,2047,3.139269662921348
STORE2,2016-05-14,2099,3.179691011235955
STORE2,2016-05-21,1982,3.1529494382022474
STORE2,2016-05-28,2152,3.186685393258427
STORE2,2016-06-04,2476,3.134320652173913
STORE2,2016-06-11,2089,3.135814606741573
STORE2,2016-06-18,2404,3.202696629213483
STORE2,2016-06-25,2492,3.1829829545454547
STORE2,2016-07-02,2379,3.191011235955056
STORE2,2016-07-09,2867,3.1481944444444445
STORE2,2016-07-16,2112,3.1508238636363637
STORE2,2016-07-23,2315,3.173876404494382
STORE2,2016-07-30,2447,3.1595555555555555
STORE2,2016-08-06,2265,3.191453488372093
STORE2,2016-08-13,2202,3.145287356321839
STORE2,2016-08-20,2283,3.190027777777778
STORE2,2016-08-27,2085,3.1609821428571427
STORE2,2016-09-03,2265,3.2127247191011237
STORE2,2016-09-10,2282,3.2799719101123594
STORE2,2016-09-17,2114,3.182442528735632
STORE2,2016-09-24,2255,3.163362068965517
STORE2,2016-10-01,2320,3.209138888888889
STORE2,2016-10-08,2064,3.276603260869565
STORE2,2016-10-15,2006,3.2357558139534883
STORE2,2016-10-22,2259,3.2448876404494382
STORE2,2016-10-29,2000,3.1939655172413794
STORE2,2016-11-05,2097,3.2642857142857142
STORE2,2016-11-12,2209,3.229592391304348
STORE2,2016-11-19,2085,3.2540697674418606
STORE2,2016-11-26,2794,3.2955681818181817
STORE2,2016-12-03,1593,3.2298579545454547
STORE2,2016-12-10,1744,3.2323011363636365
STORE2,2016-12-17,2040,3.245406976744186
STORE2,2016-12-24,2723,3.246277777777778
STORE2,2016-12-31,2208,3.2503735632183908
