macro_marketing/BeerSalesData.csv
store,date_of_week,sales,price
STORE3,2010-01-02,1483,2.5418666666666665
STORE3,2010-01-09,552,2.5684666666666667
STORE3,2010-01-16,673,2.5378
STORE3,2010-01-23,742,2.5886688311688313
STORE3,2010-01-30,618,2.559855072463768
STORE3,2010-02-06,788,2.549046052631579
STORE3,2010-02-13,800,2.6089935064935066
STORE3,2010-02-20,734,2.5228353658536586
STORE3,2010-02-27,755,2.4851973684210527
STORE3,2010-03-06,843,2.5183950617283952
STORE3,2010-03-13,723,2.5023310810810813
STORE3,2010-03-20,873,2.552739726027397
STORE3,2010-03-27,734,2.4695253164556963
STORE3,2010-04-03,1017,2.3841768292682928
STORE3,2010-04-10,968,2.467198795180723
STORE3,2010-04-17,819,2.356
STORE3,2010-04-24,771,2.4438924050632913
STORE3,2010-05-01,1071,2.3841666666666668
STORE3,2010-05-08,943,2.4527941176470587
STORE3,2010-05-15,810,2.3445
STORE3,2010-05-22,976,2.352469512195122
STORE3,2010-05-29,1228,2.381172839506173
STORE3,2010-06-05,1260,2.4078235294117647
STORE3,2010-06-12,1045,2.4301234567901235
STORE3,2010-06-19,1150,2.3859615384615385
STORE3,2010-06-26,1295,2.4230625
STORE3,2010-07-03,1785,2.3204430379746834
STORE3,2010-07-10,1552,2.3476875
STORE3,2010-07-17,1169,2.396570512820513
STORE3,2010-07-24,1280,2.4118589743589745
STORE3,2010-07-31,1218,2.371907894736842
STORE3,2010-08-07,1679,2.40875
STORE3,2010-08-14,1588,2.444196428571429
STORE3,2010-08-21,1269,2.411923076923077
STORE3,2010-08-28,1201,2.4634177215189874
STORE3,2010-09-04,1642,2.501823529411765
STORE3,2010-09-11,1347,2.4844940476190476
STORE3,2010-09-18,950,2.4247222222222224
STORE3,2010-09-25,1014,2.4203125
STORE3,2010-10-02,1005,2.504512195121951
STORE3,2010-10-09,1077,2.463607594936709
STORE3,2010-10-16,949,2.4288988095238095
STORE3,2010-10-23,954,2.418474025974026
STORE3,2010-10-30,992,2.4095
STORE3,2010-11-06,823,2.370033783783784
STORE3,2010-11-13,1033,2.4394805194805196
STORE3,2010-11-20,981,2.4018437500000003
STORE3,2010-11-27,1556,2.4368373493975906
STORE3,2010-12-04,735,2.4273611111111113
STORE3,2010-12-11,841,2.500304054054054
STORE3,2010-12-18,860,2.4017905405405404
STORE3,2010-12-25,1429,2.430210843373494
STORE3,2011-01-01,1527,2.4454819277108433
STORE3,2011-01-08,690,2.3863
STORE3,2011-01-15,751,2.4078289473684213
STORE3,2011-01-22,764,2.5402333333333336
STORE3,2011-01-29,793,2.565506329113924
STORE3,2011-02-05,828,2.3755128205128204
STORE3,2011-02-12,866,2.508101265822785
STORE3,2011-02-19,804,2.4523333333333333
STORE3,2011-02-26,797,2.5923076923076924
STORE3,2011-03-05,821,2.5055666666666667
STORE3,2011-03-12,852,2.5733
STORE3,2011-03-19,952,2.5144333333333333
STORE3,2011-03-26,750,2.6030555555555557
STORE3,2011-04-02,858,2.595065789473684
STORE3,2011-04-09,974,2.611851851851852
STORE3,2011-04-16,1093,2.5658223684210526
STORE3,2011-04-23,1142,2.565506329113924
STORE3,2011-04-30,1286,2.6402409638554216
STORE3,2011-05-07,1152,2.5964240506329115
STORE3,2011-05-14,701,2.542694805194805
STORE3,2011-05-21,1058,2.5612820512820513
STORE3,2011-05-28,1423,2.5655722891566266
STORE3,2011-06-04,1771,2.528511904761905
STORE3,2011-06-11,1230,2.6124117647058824
STORE3,2011-06-18,1559,2.6689024390243903
STORE3,2011-06-25,1704,2.52400641025641
STORE3,2011-07-02,2079,2.5564583333333335
STORE3,2011-07-09,1933,2.529125
STORE3,2011-07-16,1095,2.539298780487805
STORE3,2011-07-23,1795,2.633294117647059
STORE3,2011-07-30,1528,2.573558823529412
STORE3,2011-08-06,1305,2.4948765432098767
STORE3,2011-08-13,1409,2.613452380952381
STORE3,2011-08-20,1367,2.559367469879518
STORE3,2011-08-27,1482,2.4983231707317075
STORE3,2011-09-03,1682,2.556934523809524
STORE3,2011-09-10,1524,2.4942469879518074
STORE3,2011-09-17,1828,2.5215406976744186
STORE3,2011-09-24,1250,2.40996875
STORE3,2011-10-01,1266,2.631890243902439
STORE3,2011-10-08,1277,2.6429411764705883
STORE3,2011-10-15,1283,2.6475602409638554
STORE3,2011-10-22,1014,2.5265384615384616
STORE3,2011-10-29,1147,2.4909294871794874
STORE3,2011-11-05,1057,2.5835882352941177
STORE3,2011-11-12,1093,2.5977743902439023
STORE3,2011-11-19,1057,2.458116883116883
STORE3,2011-11-26,2207,2.640054945054945
STORE3,2011-12-03,955,2.505320512820513
STORE3,2011-12-10,840,2.668701298701299
STORE3,2011-12-17,1321,2.5276582278481015
STORE3,2011-12-24,2798,2.5488793103448275
STORE3,2011-12-31,1967,2.5550903614457834
STORE3,2012-01-07,1117,2.47184375
STORE3,2012-01-14,997,2.4887012987012986
STORE3,2012-01-21,1126,2.4592
STORE3,2012-01-28,1139,2.573878205128205
STORE3,2012-02-04,1328,2.556309523809524
STORE3,2012-02-11,1318,2.5474117647058825
STORE3,2012-02-18,1213,2.506867088607595
STORE3,2012-02-25,1116,2.5263486842105265
STORE3,2012-03-03,1081,2.6085365853658535
STORE3,2012-03-10,1090,2.5561309523809523
STORE3,2012-03-17,1444,2.5257228915662653
STORE3,2012-03-24,1234,2.5548493975903614
STORE3,2012-03-31,1242,2.603719512195122
STORE3,2012-04-07,1625,2.5204320987654323
STORE3,2012-04-14,1543,2.5586309523809523
STORE3,2012-04-21,1292,2.549451219512195
STORE3,2012-04-28,1503,2.5565202702702705
STORE3,2012-05-05,1719,2.506777108433735
STORE3,2012-05-12,1306,2.6057941176470587
STORE3,2012-05-19,1671,2.5318072289156626
STORE3,2012-05-26,1792,2.522530487804878
STORE3,2012-06-02,1957,2.5328779069767444
STORE3,2012-06-09,1705,2.5528915662650604
STORE3,2012-06-16,1820,2.3985416666666666
STORE3,2012-06-23,2111,2.410952380952381
STORE3,2012-06-30,1978,2.2938802083333334
STORE3,2012-07-07,2625,2.3843095238095238
STORE3,2012-07-14,1546,2.4768028846153847
STORE3,2012-07-21,1700,2.468119266055046
STORE3,2012-07-28,1806,2.4582009345794393
STORE3,2012-08-04,1755,2.4306617647058824
STORE3,2012-08-11,1953,2.4317307692307693
STORE3,2012-08-18,1521,2.4402142857142857
STORE3,2012-08-25,1827,2.4110747663551404
STORE3,2012-09-01,1949,2.3727669902912623
STORE3,2012-09-08,2021,2.3521064814814814
STORE3,2012-09-15,1815,2.389313725490196
STORE3,2012-09-22,1489,2.400808823529412
STORE3,2012-09-29,1514,2.3855208333333335
STORE3,2012-10-06,1542,2.3841504854368933
STORE3,2012-10-13,1574,2.351039603960396
STORE3,2012-10-20,1346,2.359607843137255
STORE3,2012-10-27,1433,2.412794117647059
STORE3,2012-11-03,1395,2.4057107843137255
STORE3,2012-11-10,1424,2.4020343137254905
STORE3,2012-11-17,2015,2.3376
STORE3,2012-11-24,3639,2.399236111111111
STORE3,2012-12-01,1244,2.4251063829787234
STORE3,2012-12-08,1593,2.464019607843137
STORE3,2012-12-15,1283,2.417675
STORE3,2012-12-22,1820,2.4040625
STORE3,2012-12-29,2496,2.4521323529411765
STORE3,2013-01-05,2083,2.437970297029703
STORE3,2013-01-12,1237,2.42455
STORE3,2013-01-19,1195,2.323252688172043
STORE3,2013-01-26,1275,2.426175
STORE3,2013-02-02,1406,2.3921190476190475
STORE3,2013-02-09,1549,2.4244285714285714
STORE3,2013-02-16,1285,2.42335
STORE3,2013-02-23,1374,2.531037735849057
STORE3,2013-03-02,1427,2.503619047619048
STORE3,2013-03-09,1393,2.465046728971963
STORE3,2013-03-16,1477,2.489757281553398
STORE3,2013-03-23,1476,2.4308644859813087
STORE3,2013-03-30,1722,2.485046728971963
STORE3,2013-04-06,1784,2.479830097087379
STORE3,2013-04-13,1625,2.480309523809524
STORE3,2013-04-20,1502,2.470981308411215
STORE3,2013-04-27,1971,2.4570412844036698
STORE3,2013-05-04,2248,2.3742380952380953
STORE3,2013-05-11,2063,2.392283653846154
STORE3,2013-05-18,2087,2.4411136363636365
STORE3,2013-05-25,2645,2.3775229357798167
STORE3,2013-06-01,2804,2.391081081081081
STORE3,2013-06-08,2070,2.3623842592592594
STORE3,2013-06-15,2233,2.394380733944954
STORE3,2013-06-22,2830,2.4248684210526315
STORE3,2013-06-29,2531,2.369518348623853
STORE3,2013-07-06,3454,2.3295434782608697
STORE3,2013-07-13,2404,2.3631956521739133
STORE3,2013-07-20,2816,2.3117954545454547
STORE3,2013-07-27,2911,2.3334318181818183
STORE3,2013-08-03,2565,2.3280580357142857
STORE3,2013-08-10,2459,2.3836853448275863
STORE3,2013-08-17,2295,2.3592456896551726
STORE3,2013-08-24,2431,2.369913793103448
STORE3,2013-08-31,2412,2.3841284403669727
STORE3,2013-09-07,2553,2.41974358974359
STORE3,2013-09-14,2532,2.438793103448276
STORE3,2013-09-21,1727,2.4192727272727272
STORE3,2013-09-28,1911,2.3675892857142857
STORE3,2013-10-05,1819,2.392408256880734
STORE3,2013-10-12,1897,2.393013392857143
STORE3,2013-10-19,1520,2.3979009433962264
STORE3,2013-10-26,1504,2.3758333333333335
STORE3,2013-11-02,1593,2.347146226415094
STORE3,2013-11-09,1608,2.4201116071428572
STORE3,2013-11-16,1450,2.3041981132075473
STORE3,2013-11-23,1491,2.3614814814814817
STORE3,2013-11-30,2574,2.377280701754386
STORE3,2013-12-07,1235,2.3449019607843136
STORE3,2013-12-14,1321,2.305225
STORE3,2013-12-21,1550,2.331550925925926
STORE3,2013-12-28,2066,2.3506026785714287
STORE3,2014-01-04,2069,2.3647747747747747
STORE3,2014-01-11,1224,2.3477184466019416
STORE3,2014-01-18,1247,2.3492380952380953
STORE3,2014-01-25,1318,2.3503409090909093
STORE3,2014-02-01,1510,2.2984345794392524
STORE3,2014-02-08,1624,2.3201363636363634
STORE3,2014-02-15,1464,2.4015265486725665
STORE3,2014-02-22,1477,2.32303738317757
STORE3,2014-03-01,1486,2.3704424778761064
STORE3,2014-03-08,1496,2.3141105769230768
STORE3,2014-03-15,1536,2.320162037037037
STORE3,2014-03-22,1463,2.304766355140187
STORE3,2014-03-29,1074,2.310625
STORE3,2014-04-05,1702,2.3067757009345793
STORE3,2014-04-12,1652,2.354070796460177
STORE3,2014-04-19,1677,2.3291666666666666
STORE3,2014-04-26,2086,2.372355769230769
STORE3,2014-05-03,1939,2.371909090909091
STORE3,2014-05-10,1958,2.3472477064220185
STORE3,2014-05-17,1804,2.337095238095238
STORE3,2014-05-24,2079,2.2964823008849558
STORE3,2014-05-31,2202,2.31
STORE3,2014-06-07,2217,2.3081796116504854
STORE3,2014-06-14,2235,2.3213861386138612
STORE3,2014-06-21,2129,2.327970297029703
STORE3,2014-06-28,2144,2.273625
STORE3,2014-07-05,3189,2.294183168316832
STORE3,2014-07-12,1964,2.3355808080808083
STORE3,2014-07-19,1930,2.2894072164948454
STORE3,2014-07-26,2108,2.286825
STORE3,2014-08-02,2317,2.241525
STORE3,2014-08-09,2354,2.2864141414141415
STORE3,2014-08-16,2238,2.257263157894737
STORE3,2014-08-23,2599,2.240530303030303
STORE3,2014-08-30,2349,2.2791071428571428
STORE3,2014-09-06,2442,2.3166161616161616
STORE3,2014-09-13,2210,2.310618556701031
STORE3,2014-09-20,2116,2.2824484536082474
STORE3,2014-09-27,2014,2.3582216494845363
STORE3,2014-10-04,1703,2.372908163265306
STORE3,2014-10-11,1684,2.3148697916666667
STORE3,2014-10-18,1498,2.3366836734693877
STORE3,2014-10-25,1641,2.3517091836734694
STORE3,2014-11-01,1531,2.308478260869565
STORE3,2014-11-08,1502,2.3321969696969695
STORE3,2014-11-15,1439,2.3765816326530613
STORE3,2014-11-22,1536,2.3456182795698926
STORE3,2014-11-29,2554,2.3815561224489796
STORE3,2014-12-06,1487,2.2343817204301075
STORE3,2014-12-13,1393,2.2398387096774193
STORE3,2014-12-20,1614,2.2597916666666666
STORE3,2014-12-27,2485,2.354795918367347
STORE3,2015-01-03,2384,2.32465
STORE3,2015-01-10,1221,2.3628385416666666
STORE3,2015-01-17,1377,2.3471354166666667
STORE3,2015-01-24,1539,2.3168489583333334
STORE3,2015-01-31,1693,2.3228061224489798
STORE3,2015-02-07,1660,2.3201262626262626
STORE3,2015-02-14,1520,2.284464285714286
STORE3,2015-02-21,1397,2.350525
STORE3,2015-02-28,1394,2.364744897959184
STORE3,2015-03-07,1607,2.323954081632653
STORE3,2015-03-14,1627,2.3524
STORE3,2015-03-21,1577,2.3026262626262626
STORE3,2015-03-28,1421,2.368627450980392
STORE3,2015-04-04,1758,2.344882075471698
STORE3,2015-04-11,1902,2.3855092592592593
STORE3,2015-04-18,1920,2.4023831775700937
STORE3,2015-04-25,1671,2.3762864077669903
STORE3,2015-05-02,2731,2.346985981308411
STORE3,2015-05-09,2372,2.3799056603773585
STORE3,2015-05-16,2176,2.435894495412844
STORE3,2015-05-23,2540,2.3962276785714285
STORE3,2015-05-30,2680,2.3723648648648648
STORE3,2015-06-06,2151,2.4044772727272727
STORE3,2015-06-13,2315,2.4060227272727275
STORE3,2015-06-20,2309,2.3854954954954954
STORE3,2015-06-27,2305,2.3795945945945944
STORE3,2015-07-04,3493,2.3518362831858406
STORE3,2015-07-11,2163,2.364009009009009
STORE3,2015-07-18,2349,2.3982798165137615
STORE3,2015-07-25,2527,2.408227272727273
STORE3,2015-08-01,2438,2.3876339285714288
STORE3,2015-08-08,2510,2.404318181818182
STORE3,2015-08-15,2397,2.3436697247706424
STORE3,2015-08-22,2408,2.36231981981982
STORE3,2015-08-29,1958,2.4033715596330274
STORE3,2015-09-05,2824,2.348288288288288
STORE3,2015-09-12,2616,2.357434210526316
STORE3,2015-09-19,2041,2.4173648648648647
STORE3,2015-09-26,2190,2.3988302752293578
STORE3,2015-10-03,1764,2.329772727272727
STORE3,2015-10-10,1839,2.361340909090909
STORE3,2015-10-17,1915,2.407090909090909
STORE3,2015-10-24,1851,2.41696261682243
STORE3,2015-10-31,1676,2.431509433962264
STORE3,2015-11-07,1746,2.4479761904761905
STORE3,2015-11-14,1570,2.3909905660377357
STORE3,2015-11-21,1670,2.4441818181818182
STORE3,2015-11-28,2290,2.5010585585585585
STORE3,2015-12-05,1411,2.3954545454545455
STORE3,2015-12-12,1462,2.3848300970873786
STORE3,2015-12-19,1451,2.4975238095238095
STORE3,2015-12-26,2274,2.4867633928571427
STORE3,2016-01-02,2033,2.492642857142857
STORE3,2016-01-09,1159,2.4733088235294116
STORE3,2016-01-16,1287,2.47411214953271
STORE3,2016-01-23,1316,2.4432075471698114
STORE3,2016-01-30,1462,2.3725240384615383
STORE3,2016-02-06,1650,2.383611111111111
STORE3,2016-02-13,1545,2.417091346153846
STORE3,2016-02-20,1202,2.406460396039604
STORE3,2016-02-27,1190,2.456383495145631
STORE3,2016-03-05,1273,2.482716346153846
STORE3,2016-03-12,1312,2.431495327102804
STORE3,2016-03-19,1481,2.4901732673267327
STORE3,2016-03-26,1625,2.404514563106796
STORE3,2016-04-02,1546,2.3591346153846153
STORE3,2016-04-09,1373,2.398525
STORE3,2016-04-16,1566,2.404719387755102
STORE3,2016-04-23,1752,2.3836479591836737
STORE3,2016-04-30,1476,2.336938775510204
STORE3,2016-05-07,1830,2.28155
STORE3,2016-05-14,1695,2.351717171717172
STORE3,2016-05-21,1719,2.352975
STORE3,2016-05-28,2167,2.326775
STORE3,2016-06-04,2420,2.3027475247524753
STORE3,2016-06-11,2060,2.3605
STORE3,2016-06-18,2198,2.3217424242424243
STORE3,2016-06-25,2201,2.3271534653465347
STORE3,2016-07-02,2162,2.307275
STORE3,2016-07-09,2329,2.3567602040816324
STORE3,2016-07-16,1822,2.34
STORE3,2016-07-23,1855,2.3058
STORE3,2016-07-30,1676,2.2763947368421054
STORE3,2016-08-06,1693,2.3238
STORE3,2016-08-13,1740,2.3813861386138613
STORE3,2016-08-20,1855,2.28535
STORE3,2016-08-27,1864,2.2117708333333335
STORE3,2016-09-03,2484,2.295441176470588
STORE3,2016-09-10,2340,2.32675
STORE3,2016-09-17,1803,2.4627319587628866
STORE3,2016-09-24,1624,2.4902806122448977
STORE3,2016-10-01,1107,2.432369791666667
STORE3,2016-10-08,1500,2.3919072164948454
STORE3,2016-10-15,1771,2.409819587628866
STORE3,2016-10-22,1964,2.22625
STORE3,2016-10-29,1843,2.347424242424242
STORE3,2016-11-05,1907,2.2842105263157895
STORE3,2016-11-12,1656,2.249158163265306
STORE3,2016-11-19,1939,2.278510101010101
STORE3,2016-11-26,3189,2.3318137254901963
STORE3,2016-12-03,1472,2.1767447916666667
STORE3,2016-12-10,1295,2.26625
STORE3,2016-12-17,1587,2.210967741935484
STORE3,2016-12-24,2854,2.3494949494949493
STORE3,2016-12-31,2486,2.345148514851485
