macro_marketing/BeerSalesData.csv
store,date_of_week,sales,price
STORE4,2010-01-02,2509,2.7350751879699247
STORE4,2010-01-09,2043,2.77281007751938
STORE4,2010-01-16,2212,2.8546616541353385
STORE4,2010-01-23,2310,2.8519172932330825
STORE4,2010-01-30,2262,2.770714285714286
STORE4,2010-02-06,2763,2.7265992647058823
STORE4,2010-02-13,2339,2.753460144927536
STORE4,2010-02-20,2054,2.755330882352941
STORE4,2010-02-27,2075,2.7542391304347826
STORE4,2010-03-06,2325,2.708860294117647
STORE4,2010-03-13,2434,2.7328597122302156
STORE4,2010-03-20,2277,2.7459375
STORE4,2010-03-27,2449,2.7356801470588237
STORE4,2010-04-03,2896,2.673985507246377
STORE4,2010-04-10,2555,2.7201470588235295
STORE4,2010-04-17,2650,2.6870192307692307
STORE4,2010-04-24,2647,2.6395038167938933
STORE4,2010-05-01,2708,2.6660261194029853
STORE4,2010-05-08,3084,2.6928947368421055
STORE4,2010-05-15,2447,2.693314393939394
STORE4,2010-05-22,3308,2.6713432835820896
STORE4,2010-05-29,4100,2.661452205882353
STORE4,2010-06-05,3904,2.6310036496350366
STORE4,2010-06-12,3063,2.641870503597122
STORE4,2010-06-19,3399,2.637155797101449
STORE4,2010-06-26,3372,2.6437043795620436
STORE4,2010-07-03,5126,2.649909420289855
STORE4,2010-07-10,3440,2.642024647887324
STORE4,2010-07-17,2916,2.68056338028169
STORE4,2010-07-24,3405,2.6653035714285713
STORE4,2010-07-31,2640,3.390925925925926
STORE4,2010-08-07,3119,2.670161870503597
STORE4,2010-08-14,2960,2.702682481751825
STORE4,2010-08-21,2705,2.716142857142857
STORE4,2010-08-28,2805,2.673938848920863
STORE4,2010-09-04,3847,2.6749642857142857
STORE4,2010-09-11,3033,2.6721654929577463
STORE4,2010-09-18,2584,2.7530434782608695
STORE4,2010-09-25,2603,2.750746527777778
STORE4,2010-10-02,2609,2.751312056737589
STORE4,2010-10-09,2782,2.783396551724138
STORE4,2010-10-16,2561,2.7830902777777777
STORE4,2010-10-23,2761,2.7647340425531914
STORE4,2010-10-30,2465,2.739357638888889
STORE4,2010-11-06,2622,2.761048951048951
STORE4,2010-11-13,2528,2.7588368055555557
STORE4,2010-11-20,3022,2.786241134751773
STORE4,2010-11-27,3337,2.7593617021276597
STORE4,2010-12-04,2293,2.7620323741007193
STORE4,2010-12-11,2741,2.7709671532846714
STORE4,2010-12-18,3129,2.7686607142857143
STORE4,2010-12-25,3888,2.765681818181818
STORE4,2011-01-01,2676,2.7587062937062936
STORE4,2011-01-08,1970,2.7558823529411764
STORE4,2011-01-15,2359,2.751834532374101
STORE4,2011-01-22,2058,2.733594890510949
STORE4,2011-01-29,2284,2.738021582733813
STORE4,2011-02-05,2365,2.7308561643835616
STORE4,2011-02-12,2106,2.7161148648648648
STORE4,2011-02-19,2279,2.6682
STORE4,2011-02-26,2171,2.6983854166666665
STORE4,2011-03-05,2140,2.6795302013422817
STORE4,2011-03-12,2227,2.6993456375838925
STORE4,2011-03-19,2340,2.707551020408163
STORE4,2011-03-26,2432,2.6585616438356166
STORE4,2011-04-02,2430,2.695909090909091
STORE4,2011-04-09,2343,2.708216783216783
STORE4,2011-04-16,2485,2.6888275862068967
STORE4,2011-04-23,3119,2.719131205673759
STORE4,2011-04-30,2300,2.6982692307692306
STORE4,2011-05-07,2609,2.6766267123287673
STORE4,2011-05-14,2435,2.701311188811189
STORE4,2011-05-21,2779,2.6770408163265307
STORE4,2011-05-28,3420,2.667239583333333
STORE4,2011-06-04,3441,2.655442176870748
STORE4,2011-06-11,3006,2.655413793103448
STORE4,2011-06-18,3080,2.6871724137931032
STORE4,2011-06-25,2964,2.647027972027972
STORE4,2011-07-02,3958,2.6437248322147653
STORE4,2011-07-09,3308,2.6054026845637583
STORE4,2011-07-16,2901,2.644847972972973
STORE4,2011-07-23,3258,2.6580821917808217
STORE4,2011-07-30,3034,2.651892361111111
STORE4,2011-08-06,2950,2.6730244755244756
STORE4,2011-08-13,2917,2.6515316901408452
STORE4,2011-08-20,2979,2.6953547297297296
STORE4,2011-08-27,3021,2.686778523489933
STORE4,2011-09-03,2838,2.689375
STORE4,2011-09-10,2719,2.6395068027210886
STORE4,2011-09-17,2796,2.633506711409396
STORE4,2011-09-24,2526,2.661225165562914
STORE4,2011-10-01,2573,2.7026166666666667
STORE4,2011-10-08,2641,2.7262585034013607
STORE4,2011-10-15,2447,2.7639795918367347
STORE4,2011-10-22,2402,2.8282427536231882
STORE4,2011-10-29,2646,2.817282608695652
STORE4,2011-11-05,2179,2.7631785714285715
STORE4,2011-11-12,2464,2.778525179856115
STORE4,2011-11-19,2828,2.8564612676056336
STORE4,2011-11-26,3285,2.879609929078014
STORE4,2011-12-03,2174,2.837482394366197
STORE4,2011-12-10,2742,2.765821917808219
STORE4,2011-12-17,2968,2.768041958041958
STORE4,2011-12-24,4136,2.7840131578947367
STORE4,2011-12-31,2330,2.7765753424657533
STORE4,2012-01-07,1932,2.7793838028169016
STORE4,2012-01-14,2038,2.8319642857142857
STORE4,2012-01-21,1858,2.85222027972028
STORE4,2012-01-28,2291,2.7751785714285715
STORE4,2012-02-04,2877,2.753083333333333
STORE4,2012-02-11,2006,2.7983333333333333
STORE4,2012-02-18,1937,2.802315436241611
STORE4,2012-02-25,1926,2.862748226950355
STORE4,2012-03-03,1847,2.8939007092198583
STORE4,2012-03-10,2277,2.853595890410959
STORE4,2012-03-17,2388,2.8238833333333333
STORE4,2012-03-24,2182,2.803228476821192
STORE4,2012-03-31,2121,2.820658783783784
STORE4,2012-04-07,2872,2.783689655172414
STORE4,2012-04-14,1955,2.807928082191781
STORE4,2012-04-21,2592,2.776164383561644
STORE4,2012-04-28,2518,2.762065972222222
STORE4,2012-05-05,2300,2.7252659574468083
STORE4,2012-05-12,2451,2.7678620689655173
STORE4,2012-05-19,2874,2.7820230263157897
STORE4,2012-05-26,3609,2.7931493506493505
STORE4,2012-06-02,3052,2.805625
STORE4,2012-06-09,2759,2.777400662251656
STORE4,2012-06-16,3240,2.7664900662251655
STORE4,2012-06-23,3330,2.692794117647059
STORE4,2012-06-30,3654,2.6940666666666666
STORE4,2012-07-07,4149,2.7658666666666667
STORE4,2012-07-14,2782,2.7494155844155843
STORE4,2012-07-21,2830,2.7671634615384617
STORE4,2012-07-28,2841,2.804951612903226
STORE4,2012-08-04,3213,2.802922077922078
STORE4,2012-08-11,2621,2.8338449367088607
STORE4,2012-08-18,2791,2.759410828025478
STORE4,2012-08-25,3249,2.752078125
STORE4,2012-09-01,3562,2.73828025477707
STORE4,2012-09-08,2805,2.719451612903226
STORE4,2012-09-15,2543,2.7478164556962024
STORE4,2012-09-22,2841,2.7492592592592593
STORE4,2012-09-29,2570,2.80953125
STORE4,2012-10-06,2349,2.849192546583851
STORE4,2012-10-13,2384,2.804264705882353
STORE4,2012-10-20,2743,2.7856089743589743
STORE4,2012-10-27,2470,2.773917197452229
STORE4,2012-11-03,2228,2.7705063291139242
STORE4,2012-11-10,2459,2.825170807453416
STORE4,2012-11-17,3014,2.802848101265823
STORE4,2012-11-24,3513,2.7778527607361965
STORE4,2012-12-01,2084,2.7929968944099377
STORE4,2012-12-08,2570,2.784171974522293
STORE4,2012-12-15,2872,2.8237730061349695
STORE4,2012-12-22,3673,2.824922360248447
STORE4,2012-12-29,2741,2.81702743902439
STORE4,2013-01-05,2089,2.808467741935484
STORE4,2013-01-12,1878,2.8254658385093165
STORE4,2013-01-19,2135,2.8046732026143792
STORE4,2013-01-26,2361,2.841139240506329
STORE4,2013-02-02,2326,2.7882389937106917
STORE4,2013-02-09,2030,2.8221634615384614
STORE4,2013-02-16,2082,2.8246913580246913
STORE4,2013-02-23,2254,2.7596779141104295
STORE4,2013-03-02,2005,2.823975155279503
STORE4,2013-03-09,2016,2.836766467065868
STORE4,2013-03-16,2320,2.8128810975609757
STORE4,2013-03-23,2254,2.79503125
STORE4,2013-03-30,2894,2.8118491124260356
STORE4,2013-04-06,1795,2.864181818181818
STORE4,2013-04-13,2002,2.7876424050632913
STORE4,2013-04-20,2447,2.795506134969325
STORE4,2013-04-27,2430,2.868539156626506
STORE4,2013-05-04,2604,2.826189024390244
STORE4,2013-05-11,2622,2.768102409638554
STORE4,2013-05-18,3245,2.7084908536585366
STORE4,2013-05-25,3086,2.787801204819277
STORE4,2013-06-01,3268,2.8084011627906977
STORE4,2013-06-08,2626,2.764685628742515
STORE4,2013-06-15,2863,2.8141666666666665
STORE4,2013-06-22,3147,2.7966467065868263
STORE4,2013-06-29,3069,2.7971837349397592
STORE4,2013-07-06,3933,2.7826041666666668
STORE4,2013-07-13,2609,2.81702743902439
STORE4,2013-07-20,2777,2.80284375
STORE4,2013-07-27,2807,2.791303680981595
STORE4,2013-08-03,2884,2.788665644171779
STORE4,2013-08-10,2710,2.816328125
STORE4,2013-08-17,2664,2.8278293413173654
STORE4,2013-08-24,3144,2.788524096385542
STORE4,2013-08-31,3362,2.7896536144578312
STORE4,2013-09-07,2685,2.790671875
STORE4,2013-09-14,2615,2.795031847133758
STORE4,2013-09-21,2526,2.8473932926829266
STORE4,2013-09-28,2553,2.8433333333333333
STORE4,2013-10-05,2421,2.838855421686747
STORE4,2013-10-12,2320,2.838878787878788
STORE4,2013-10-19,2501,2.825217391304348
STORE4,2013-10-26,2555,2.8196178343949043
STORE4,2013-11-02,2352,2.8490184049079756
STORE4,2013-11-09,2281,2.8597452229299365
STORE4,2013-11-16,2618,2.7735096153846155
STORE4,2013-11-23,3059,2.792138157894737
STORE4,2013-11-30,3330,2.9118152866242037
STORE4,2013-12-07,2280,2.9097241379310343
STORE4,2013-12-14,2987,2.8630065359477124
STORE4,2013-12-21,3068,2.896846405228758
STORE4,2013-12-28,3097,2.9236842105263157
STORE4,2014-01-04,2304,2.9402551020408163
STORE4,2014-01-11,2016,2.88201724137931
STORE4,2014-01-18,1931,2.8634760273972604
STORE4,2014-01-25,2208,2.8566836734693877
STORE4,2014-02-01,2592,2.8990172413793105
STORE4,2014-02-08,2147,2.877753378378378
STORE4,2014-02-15,1957,2.833023648648649
STORE4,2014-02-22,2095,2.8759375
STORE4,2014-03-01,2200,2.9142132867132866
STORE4,2014-03-08,2058,2.8861148648648647
STORE4,2014-03-15,2313,2.8898529411764704
STORE4,2014-03-22,2071,2.9
STORE4,2014-03-29,1979,2.9207833333333335
STORE4,2014-04-05,2051,2.867147435897436
STORE4,2014-04-12,2422,2.814019607843137
STORE4,2014-04-19,2915,2.8385361842105263
STORE4,2014-04-26,2048,2.8423519736842104
STORE4,2014-05-03,2312,2.8878733766233764
STORE4,2014-05-10,2461,2.8993211920529802
STORE4,2014-05-17,2600,2.917302631578947
STORE4,2014-05-24,3365,2.8551315789473684
STORE4,2014-05-31,3232,2.8685227272727274
STORE4,2014-06-07,2598,2.8367788461538463
STORE4,2014-06-14,3126,2.8343108974358975
STORE4,2014-06-21,2698,2.821209677419355
STORE4,2014-06-28,3110,2.8268196202531644
STORE4,2014-07-05,4332,2.812847682119205
STORE4,2014-07-12,3075,2.8425328947368422
STORE4,2014-07-19,2777,2.3278666666666665
STORE4,2014-07-26,1205,2.2011363636363637
STORE4,2014-08-02,641,2.3660436893203882
STORE4,2014-08-09,563,2.9598
STORE4,2014-08-16,385,3.006989795918367
STORE4,2014-08-23,369,2.9128398058252425
STORE4,2014-08-30,1350,2.962255244755245
STORE4,2014-09-06,2470,2.9402287581699347
STORE4,2014-09-13,2376,2.836526845637584
STORE4,2014-09-20,2634,2.8326797385620917
STORE4,2014-09-27,2245,2.923206896551724
STORE4,2014-10-04,2336,2.8201451612903226
STORE4,2014-10-11,2533,2.8084640522875817
STORE4,2014-10-18,2251,2.806290322580645
STORE4,2014-10-25,1769,3.756730769230769
STORE4,2014-11-01,2237,2.8419407894736843
STORE4,2014-11-08,2199,2.8546140939597318
STORE4,2014-11-15,2466,2.8375671140939596
STORE4,2014-11-22,2806,2.911241610738255
STORE4,2014-11-29,3089,2.8133843537414966
STORE4,2014-12-06,2288,2.7799155405405407
STORE4,2014-12-13,2695,2.76525
STORE4,2014-12-20,3335,2.8639358108108106
STORE4,2014-12-27,3304,2.8211363636363638
STORE4,2015-01-03,2665,2.828844827586207
STORE4,2015-01-10,1873,2.767294776119403
STORE4,2015-01-17,2118,2.7608802816901408
STORE4,2015-01-24,2074,2.814574074074074
STORE4,2015-01-31,2425,2.8175714285714286
STORE4,2015-02-07,2080,2.821340579710145
STORE4,2015-02-14,2122,2.7631474820143884
STORE4,2015-02-21,1740,2.7625763358778626
STORE4,2015-02-28,1832,2.839890510948905
STORE4,2015-03-07,1883,2.795629496402878
STORE4,2015-03-14,2131,2.866478102189781
STORE4,2015-03-21,2015,2.8427777777777776
STORE4,2015-03-28,2297,2.8461524822695035
STORE4,2015-04-04,2432,2.844716666666667
STORE4,2015-04-11,1897,2.871968085106383
STORE4,2015-04-18,2283,2.829982993197279
STORE4,2015-04-25,2205,2.907517730496454
STORE4,2015-05-02,2126,2.9325
STORE4,2015-05-09,2666,2.898454861111111
STORE4,2015-05-16,2207,2.8686607142857143
STORE4,2015-05-23,2723,2.8078442028985506
STORE4,2015-05-30,2731,2.808404255319149
STORE4,2015-06-06,2670,2.798251748251748
STORE4,2015-06-13,2707,2.8358566433566432
STORE4,2015-06-20,2716,2.8323581560283686
STORE4,2015-06-27,2764,2.836849315068493
STORE4,2015-07-04,3124,2.8457922535211266
STORE4,2015-07-11,2410,2.812080291970803
STORE4,2015-07-18,2680,2.773615107913669
STORE4,2015-07-25,2407,2.8140827338129495
STORE4,2015-08-01,2546,2.8942934782608694
STORE4,2015-08-08,2486,2.8599119718309858
STORE4,2015-08-15,2490,2.8427797202797205
STORE4,2015-08-22,2674,2.831381118881119
STORE4,2015-08-29,2317,2.873017857142857
STORE4,2015-09-05,2477,2.8613297872340424
STORE4,2015-09-12,2391,2.8229255319148936
STORE4,2015-09-19,2419,2.874658273381295
STORE4,2015-09-26,2441,2.8323214285714284
STORE4,2015-10-03,2140,2.869148936170213
STORE4,2015-10-10,2224,2.8645950704225354
STORE4,2015-10-17,1621,3.7911870503597123
STORE4,2015-10-24,2309,2.8711607142857143
STORE4,2015-10-31,2214,2.8814285714285712
STORE4,2015-11-07,2346,2.8785071942446043
STORE4,2015-11-14,2013,2.8635283687943263
STORE4,2015-11-21,2176,2.8779710144927537
STORE4,2015-11-28,2649,2.9136363636363636
STORE4,2015-12-05,2164,2.886448275862069
STORE4,2015-12-12,2137,2.8515209790209792
STORE4,2015-12-19,2590,2.8733453237410074
STORE4,2015-12-26,2876,2.6067758620689654
STORE4,2016-01-02,2049,2.8857222222222223
STORE4,2016-01-09,1695,2.8549031007751937
STORE4,2016-01-16,1759,2.938936567164179
STORE4,2016-01-23,1984,2.8987873134328357
STORE4,2016-01-30,1680,2.926393129770992
STORE4,2016-02-06,1792,2.9572610294117645
STORE4,2016-02-13,1948,2.8538931297709924
STORE4,2016-02-20,1804,2.8330357142857143
STORE4,2016-02-27,1670,2.884346153846154
STORE4,2016-03-05,1739,2.9294736842105262
STORE4,2016-03-12,1922,2.944624060150376
STORE4,2016-03-19,1893,2.8862407407407407
STORE4,2016-03-26,2102,2.9333834586466163
STORE4,2016-04-02,1699,2.92381679389313
STORE4,2016-04-09,1902,2.9305871212121213
STORE4,2016-04-16,2025,2.8977462121212123
STORE4,2016-04-23,2004,2.9069160583941605
STORE4,2016-04-30,1920,2.903768656716418
STORE4,2016-05-07,2082,2.835036496350365
STORE4,2016-05-14,2230,2.8402482269503544
STORE4,2016-05-21,2015,2.8855535714285714
STORE4,2016-05-28,2714,2.959706896551724
STORE4,2016-06-04,2510,2.8830555555555555
STORE4,2016-06-11,2681,2.830103448275862
STORE4,2016-06-18,2414,2.8866385135135135
STORE4,2016-06-25,2536,2.9218229166666667
STORE4,2016-07-02,3296,2.9195408163265304
STORE4,2016-07-09,2600,2.863339160839161
STORE4,2016-07-16,2737,2.8386734693877553
STORE4,2016-07-23,2660,2.83556338028169
STORE4,2016-07-30,2661,2.8554195804195803
STORE4,2016-08-06,2305,2.845
STORE4,2016-08-13,2816,2.8065753424657536
STORE4,2016-08-20,2383,2.8229964539007093
STORE4,2016-08-27,2419,2.8298809523809525
STORE4,2016-09-03,2729,2.876587837837838
STORE4,2016-09-10,2160,2.852116666666667
STORE4,2016-09-17,2389,2.8379666666666665
STORE4,2016-09-24,1997,2.8830536912751676
STORE4,2016-10-01,2037,2.8902891156462585
STORE4,2016-10-08,2176,2.865466666666667
STORE4,2016-10-15,1978,2.8157666666666668
STORE4,2016-10-22,2086,2.884220779220779
STORE4,2016-10-29,2026,2.8672419354838707
STORE4,2016-11-05,2003,2.9097435897435897
STORE4,2016-11-12,1987,2.8637166666666665
STORE4,2016-11-19,2252,2.8908443708609273
STORE4,2016-11-26,2646,2.8867
STORE4,2016-12-03,1993,2.8762068965517242
STORE4,2016-12-10,1939,2.871592465753425
STORE4,2016-12-17,2148,2.878214285714286
STORE4,2016-12-24,3403,2.8735130718954247
STORE4,2016-12-31,2016,2.8615436241610737
