macro_marketing/BeerSalesData.csv
store,date_of_week,sales,price
STORE5,2010-01-02,1795,2.213236040609137
STORE5,2010-01-09,1067,2.2592245989304813
STORE5,2010-01-16,1023,2.2721236559139784
STORE5,2010-01-23,1129,2.2508026315789476
STORE5,2010-01-30,1073,2.2820663265306123
STORE5,2010-02-06,1392,2.2565201005025126
STORE5,2010-02-13,1365,2.255360576923077
STORE5,2010-02-20,1193,2.2415721649484537
STORE5,2010-02-27,1054,2.2242195767195767
STORE5,2010-03-06,1157,2.274626288659794
STORE5,2010-03-13,1181,2.280859375
STORE5,2010-03-20,1393,2.2560586734693877
STORE5,2010-03-27,1160,2.2569201030927837
STORE5,2010-04-03,1430,2.2910175879396983
STORE5,2010-04-10,1290,2.2316708542713566
STORE5,2010-04-17,1329,2.1895854271356785
STORE5,2010-04-24,1383,2.2055989583333333
STORE5,2010-05-01,1406,2.2514141414141413
STORE5,2010-05-08,1524,2.2381852791878174
STORE5,2010-05-15,1399,2.245561224489796
STORE5,2010-05-22,1501,2.2335913705583756
STORE5,2010-05-29,2031,2.2506559405940596
STORE5,2010-06-05,1955,2.258097014925373
STORE5,2010-06-12,1624,2.284309895833333
STORE5,2010-06-19,1679,2.2606125
STORE5,2010-06-26,1666,2.230448717948718
STORE5,2010-07-03,2005,2.2609344660194175
STORE5,2010-07-10,1863,2.27125
STORE5,2010-07-17,1618,2.2449120603015076
STORE5,2010-07-24,1498,2.259707317073171
STORE5,2010-07-31,1555,2.2818401015228424
STORE5,2010-08-07,1571,2.2695685279187816
STORE5,2010-08-14,1652,2.2371163366336635
STORE5,2010-08-21,1556,2.2516666666666665
STORE5,2010-08-28,1575,2.247226368159204
STORE5,2010-09-04,1871,2.2471375
STORE5,2010-09-11,1775,2.2268509615384615
STORE5,2010-09-18,1588,2.2714427860696516
STORE5,2010-09-25,1714,2.3074154589371982
STORE5,2010-10-02,1509,2.28207345971564
STORE5,2010-10-09,1482,2.3015121951219513
STORE5,2010-10-16,1565,2.3212125
STORE5,2010-10-23,1510,2.277675
STORE5,2010-10-30,1517,2.3113048780487806
STORE5,2010-11-06,1369,2.27782722513089
STORE5,2010-11-13,1328,2.3019387755102043
STORE5,2010-11-20,1400,2.3066153846153847
STORE5,2010-11-27,2069,2.321425
STORE5,2010-12-04,1200,2.2837041884816753
STORE5,2010-12-11,1204,2.327744845360825
STORE5,2010-12-18,1636,2.312278325123153
STORE5,2010-12-25,2107,2.337
STORE5,2011-01-01,1762,2.328026960784314
STORE5,2011-01-08,1140,2.325335051546392
STORE5,2011-01-15,1199,2.29843085106383
STORE5,2011-01-22,1326,2.364010416666667
STORE5,2011-01-29,1227,2.307240932642487
STORE5,2011-02-05,1348,2.3280150753768845
STORE5,2011-02-12,1448,2.2974613402061856
STORE5,2011-02-19,1216,2.306282722513089
STORE5,2011-02-26,1265,2.287866492146597
STORE5,2011-03-05,1278,2.3146102150537633
STORE5,2011-03-12,1271,2.329945945945946
STORE5,2011-03-19,1323,2.2693911917098446
STORE5,2011-03-26,1287,2.338515625
STORE5,2011-04-02,1209,2.332616580310881
STORE5,2011-04-09,1313,2.3257820512820513
STORE5,2011-04-16,1395,2.2976
STORE5,2011-04-23,1544,2.2983457711442785
STORE5,2011-04-30,1398,2.2841044776119404
STORE5,2011-05-07,1684,2.2978
STORE5,2011-05-14,1615,2.299188481675393
STORE5,2011-05-21,1498,2.249025641025641
STORE5,2011-05-28,1933,2.269595588235294
STORE5,2011-06-04,2171,2.284963054187192
STORE5,2011-06-11,1676,2.280907960199005
STORE5,2011-06-18,1725,2.3141494845360824
STORE5,2011-06-25,1643,2.284307692307692
STORE5,2011-07-02,2022,2.2900485436893203
STORE5,2011-07-09,2049,2.2794634146341464
STORE5,2011-07-16,1610,2.3002525252525254
STORE5,2011-07-23,1799,2.307728426395939
STORE5,2011-07-30,1747,2.3135984848484847
STORE5,2011-08-06,1683,2.3539663461538463
STORE5,2011-08-13,1883,2.2884634146341463
STORE5,2011-08-20,1797,2.29809756097561
STORE5,2011-08-27,1738,2.2711330049261083
STORE5,2011-09-03,2037,2.267720588235294
STORE5,2011-09-10,1696,2.2658251231527093
STORE5,2011-09-17,1645,2.2767524509803923
STORE5,2011-09-24,1568,2.277512077294686
STORE5,2011-10-01,1575,2.296439393939394
STORE5,2011-10-08,1559,2.3183080808080807
STORE5,2011-10-15,1553,2.345
STORE5,2011-10-22,1370,2.2822348484848485
STORE5,2011-10-29,1548,2.2663578680203047
STORE5,2011-11-05,1681,2.2101025641025642
STORE5,2011-11-12,1524,2.25524064171123
STORE5,2011-11-19,2277,2.190907894736842
STORE5,2011-11-26,2728,2.2537004950495048
STORE5,2011-12-03,1614,2.183837837837838
STORE5,2011-12-10,1741,2.2019251336898398
STORE5,2011-12-17,1765,2.210978835978836
STORE5,2011-12-24,3027,2.210329268292683
STORE5,2011-12-31,2048,2.2370328282828282
STORE5,2012-01-07,1272,2.2296603260869565
STORE5,2012-01-14,1259,2.2449324324324325
STORE5,2012-01-21,1301,2.217553191489362
STORE5,2012-01-28,1277,2.255989304812834
STORE5,2012-02-04,1555,2.2558668341708543
STORE5,2012-02-11,1574,2.1950897435897434
STORE5,2012-02-18,1388,2.22020202020202
STORE5,2012-02-25,1359,2.235989583333333
STORE5,2012-03-03,1352,2.260040106951872
STORE5,2012-03-10,1446,2.240099502487562
STORE5,2012-03-17,1644,2.213544776119403
STORE5,2012-03-24,1599,2.2391321243523317
STORE5,2012-03-31,1465,2.2011742424242424
STORE5,2012-04-07,1741,2.230098039215686
STORE5,2012-04-14,1448,2.243881909547739
STORE5,2012-04-21,1568,2.22625
STORE5,2012-04-28,1460,2.217603626943005
STORE5,2012-05-05,1734,2.2097564102564102
STORE5,2012-05-12,1683,2.1736642156862747
STORE5,2012-05-19,1616,2.2289875
STORE5,2012-05-26,2182,2.2077219626168225
STORE5,2012-06-02,2158,2.1369668246445497
STORE5,2012-06-09,1813,2.158867924528302
STORE5,2012-06-16,2086,2.1833720930232556
STORE5,2012-06-23,1844,2.2051201923076924
STORE5,2012-06-30,1993,2.116216517857143
STORE5,2012-07-07,2655,2.1840568181818183
STORE5,2012-07-14,1641,2.176533816425121
STORE5,2012-07-21,1634,2.1990845070422536
STORE5,2012-07-28,1668,2.0636704545454547
STORE5,2012-08-04,1736,2.1402699530516434
STORE5,2012-08-11,1799,2.177887323943662
STORE5,2012-08-18,1764,2.160142857142857
STORE5,2012-08-25,1812,2.1649646226415094
STORE5,2012-09-01,1932,2.17875
STORE5,2012-09-08,2012,2.1467105263157893
STORE5,2012-09-15,1907,2.146727467811159
STORE5,2012-09-22,2001,2.0955978260869563
STORE5,2012-09-29,1862,2.069159388646288
STORE5,2012-10-06,1867,2.1126965065502183
STORE5,2012-10-13,1618,2.144524336283186
STORE5,2012-10-20,1698,2.1085560344827585
STORE5,2012-10-27,1806,2.1535067873303166
STORE5,2012-11-03,1583,2.241763392857143
STORE5,2012-11-10,1561,2.1908823529411765
STORE5,2012-11-17,1510,2.200488372093023
STORE5,2012-11-24,2198,2.25517316017316
STORE5,2012-12-01,1318,2.2220443925233644
STORE5,2012-12-08,1443,2.214398148148148
STORE5,2012-12-15,1570,2.2104186046511627
STORE5,2012-12-22,2077,2.232269736842105
STORE5,2012-12-29,2164,2.2419555555555557
STORE5,2013-01-05,1925,2.25975
STORE5,2013-01-12,1306,2.3053837209302324
STORE5,2013-01-19,1204,2.221290322580645
STORE5,2013-01-26,1323,2.190121359223301
STORE5,2013-02-02,1633,2.207002262443439
STORE5,2013-02-09,1564,2.2192467248908296
STORE5,2013-02-16,1449,2.2001712328767122
STORE5,2013-02-23,1306,2.25510663507109
STORE5,2013-03-02,1300,2.233183962264151
STORE5,2013-03-09,1228,2.2125985221674878
STORE5,2013-03-16,1310,2.2138809523809524
STORE5,2013-03-23,1339,2.2557441860465115
STORE5,2013-03-30,1525,2.2290639269406394
STORE5,2013-04-06,1391,2.2021976744186045
STORE5,2013-04-13,1421,2.262865566037736
STORE5,2013-04-20,1498,2.275353881278539
STORE5,2013-04-27,1505,2.2515818584070795
STORE5,2013-05-04,1685,2.268689956331878
STORE5,2013-05-11,1626,2.2402333333333333
STORE5,2013-05-18,1477,2.201924778761062
STORE5,2013-05-25,1852,2.260695754716981
STORE5,2013-06-01,2058,2.2305326086956523
STORE5,2013-06-08,1739,2.2560760869565217
STORE5,2013-06-15,1957,2.254306167400881
STORE5,2013-06-22,1757,2.2746748878923766
STORE5,2013-06-29,1710,2.2330444444444444
STORE5,2013-07-06,2140,2.1983116883116884
STORE5,2013-07-13,1584,2.2165481651376147
STORE5,2013-07-20,1742,2.2350467289719624
STORE5,2013-07-27,1614,2.2185616438356166
STORE5,2013-08-03,1729,2.223029279279279
STORE5,2013-08-10,1769,2.198341013824885
STORE5,2013-08-17,1763,2.1771063829787236
STORE5,2013-08-24,1779,2.1812065217391305
STORE5,2013-08-31,2103,2.2028862660944206
STORE5,2013-09-07,2101,2.1302100840336133
STORE5,2013-09-14,1855,2.1822666666666666
STORE5,2013-09-21,1783,2.221472602739726
STORE5,2013-09-28,1782,2.2066517857142856
STORE5,2013-10-05,1802,2.2353013392857144
STORE5,2013-10-12,1808,2.21822247706422
STORE5,2013-10-19,1644,2.2794700460829493
STORE5,2013-10-26,1638,2.3093837209302324
STORE5,2013-11-02,1683,2.307218309859155
STORE5,2013-11-09,1427,2.217324120603015
STORE5,2013-11-16,1496,2.2428807106598985
STORE5,2013-11-23,1549,2.2839756097560975
STORE5,2013-11-30,2121,2.2367093023255813
STORE5,2013-12-07,1478,2.253653846153846
STORE5,2013-12-14,1472,2.2626641414141413
STORE5,2013-12-21,1705,2.2716747572815534
STORE5,2013-12-28,2125,2.2941037735849057
STORE5,2014-01-04,1802,2.257437185929648
STORE5,2014-01-11,1166,2.3020135135135136
STORE5,2014-01-18,1190,2.330431937172775
STORE5,2014-01-25,1311,2.2842368421052632
STORE5,2014-02-01,1493,2.3204802955665023
STORE5,2014-02-08,1401,2.2779347826086958
STORE5,2014-02-15,1406,2.280049261083744
STORE5,2014-02-22,1206,2.2668041237113403
STORE5,2014-03-01,1353,2.263639705882353
STORE5,2014-03-08,1241,2.26555
STORE5,2014-03-15,1343,2.281516990291262
STORE5,2014-03-22,1353,2.2886298076923075
STORE5,2014-03-29,1292,2.263152709359606
STORE5,2014-04-05,1409,2.3092406542056074
STORE5,2014-04-12,1523,2.2880569306930694
STORE5,2014-04-19,1808,2.2397727272727272
STORE5,2014-04-26,1609,2.2585280373831775
STORE5,2014-05-03,1587,2.225609756097561
STORE5,2014-05-10,1680,2.2735648148148146
STORE5,2014-05-17,1604,2.24325
STORE5,2014-05-24,1952,2.2090723981900453
STORE5,2014-05-31,2091,2.2409447004608296
STORE5,2014-06-07,1751,2.271845794392523
STORE5,2014-06-14,1713,2.27
STORE5,2014-06-21,1881,2.290079908675799
STORE5,2014-06-28,1679,2.2542775229357797
STORE5,2014-07-05,2351,2.2403508771929825
STORE5,2014-07-12,1641,2.1841162790697677
STORE5,2014-07-19,1627,2.252384792626728
STORE5,2014-07-26,1674,2.2921198156682028
STORE5,2014-08-02,1710,2.2844767441860467
STORE5,2014-08-09,1774,2.2837559241706162
STORE5,2014-08-16,1686,2.2746719457013573
STORE5,2014-08-23,1784,2.295848416289593
STORE5,2014-08-30,2008,2.247200854700855
STORE5,2014-09-06,1909,2.2331473214285715
STORE5,2014-09-13,1774,2.2026674107142856
STORE5,2014-09-20,1843,2.218808962264151
STORE5,2014-09-27,1786,2.2489473684210526
STORE5,2014-10-04,1612,2.273422897196262
STORE5,2014-10-11,1546,2.308072429906542
STORE5,2014-10-18,1678,2.272477168949772
STORE5,2014-10-25,1586,2.301297619047619
STORE5,2014-11-01,1853,2.2618990384615385
STORE5,2014-11-08,1426,2.2851237623762377
STORE5,2014-11-15,1555,2.343103015075377
STORE5,2014-11-22,1589,2.2939114832535887
STORE5,2014-11-29,2274,2.3515525114155253
STORE5,2014-12-06,1407,2.3745226130653267
STORE5,2014-12-13,1497,2.312817258883249
STORE5,2014-12-20,1671,2.3543905472636815
STORE5,2014-12-27,2217,2.3260098522167487
STORE5,2015-01-03,1807,2.3338705583756347
STORE5,2015-01-10,1175,2.332261904761905
STORE5,2015-01-17,1233,2.3388802083333333
STORE5,2015-01-24,1167,2.3229663212435234
STORE5,2015-01-31,1418,2.3403482587064675
STORE5,2015-02-07,1324,2.323320895522388
STORE5,2015-02-14,1268,2.2609848484848487
STORE5,2015-02-21,1407,2.291725
STORE5,2015-02-28,1262,2.3387041884816755
STORE5,2015-03-07,1295,2.279612299465241
STORE5,2015-03-14,1377,2.341388888888889
STORE5,2015-03-21,1461,2.321875
STORE5,2015-03-28,1483,2.3109102564102564
STORE5,2015-04-04,1691,2.226717171717172
STORE5,2015-04-11,1425,2.2603664921465967
STORE5,2015-04-18,1547,2.27915
STORE5,2015-04-25,1391,2.304863184079602
STORE5,2015-05-02,1657,2.3103019323671496
STORE5,2015-05-09,1896,2.306293103448276
STORE5,2015-05-16,1724,2.2775841346153847
STORE5,2015-05-23,1861,2.2973768472906406
STORE5,2015-05-30,1963,2.2634112149532712
STORE5,2015-06-06,1577,2.2551802884615384
STORE5,2015-06-13,1536,2.2585929648241208
STORE5,2015-06-20,1613,2.3289441747572814
STORE5,2015-06-27,1692,2.2125
STORE5,2015-07-04,2087,2.3250985221674876
STORE5,2015-07-11,1543,2.2550128205128206
STORE5,2015-07-18,1575,2.321691542288557
STORE5,2015-07-25,1690,2.3054490291262137
STORE5,2015-08-01,1589,2.304658536585366
STORE5,2015-08-08,1722,2.2936386138613862
STORE5,2015-08-15,1538,2.3472549019607842
STORE5,2015-08-22,1672,2.3144110576923076
STORE5,2015-08-29,1676,2.3057281553398057
STORE5,2015-09-05,1787,2.2891262135922332
STORE5,2015-09-12,1791,2.2561342592592593
STORE5,2015-09-19,1634,2.2810981308411216
STORE5,2015-09-26,1724,2.221600985221675
STORE5,2015-10-03,1578,2.2615384615384615
STORE5,2015-10-10,1432,2.3265686274509805
STORE5,2015-10-17,1496,2.3034014423076923
STORE5,2015-10-24,1458,2.294359296482412
STORE5,2015-10-31,1689,2.339100985221675
STORE5,2015-11-07,1409,2.3276410256410256
STORE5,2015-11-14,1294,2.37244708994709
STORE5,2015-11-21,1327,2.3878994845360824
STORE5,2015-11-28,1845,2.3416350710900473
STORE5,2015-12-05,1197,2.254259776536313
STORE5,2015-12-12,1311,2.411821808510638
STORE5,2015-12-19,1478,2.367238219895288
STORE5,2015-12-26,2045,2.3721039603960397
STORE5,2016-01-02,1727,2.359371727748691
STORE5,2016-01-09,1328,2.378416666666667
STORE5,2016-01-16,1134,2.360365168539326
STORE5,2016-01-23,1221,2.3708898305084745
STORE5,2016-01-30,1176,2.363243243243243
STORE5,2016-02-06,1228,2.3924861111111113
STORE5,2016-02-13,1396,2.358064516129032
STORE5,2016-02-20,1198,2.3333050847457626
STORE5,2016-02-27,1220,2.302183908045977
STORE5,2016-03-05,1175,2.3571311475409837
STORE5,2016-03-12,1235,2.3386805555555554
STORE5,2016-03-19,1342,2.353025568181818
STORE5,2016-03-26,1460,2.345875
STORE5,2016-04-02,1226,2.335688202247191
STORE5,2016-04-09,1196,2.3751023391812867
STORE5,2016-04-16,1316,2.4275718390804597
STORE5,2016-04-23,1511,2.3742083333333333
STORE5,2016-04-30,1285,2.3968435754189943
STORE5,2016-05-07,1473,2.342148876404494
STORE5,2016-05-14,1336,2.393296089385475
STORE5,2016-05-21,1264,2.3125290697674417
STORE5,2016-05-28,1747,2.369986111111111
STORE5,2016-06-04,1670,2.3642994505494506
STORE5,2016-06-11,1385,2.367134831460674
STORE5,2016-06-18,1631,2.376005586592179
STORE5,2016-06-25,1575,2.3800276243093923
STORE5,2016-07-02,1762,2.3896546961325966
STORE5,2016-07-09,1827,2.334436813186813
STORE5,2016-07-16,1552,2.3537154696132596
STORE5,2016-07-23,1582,2.313868715083799
STORE5,2016-07-30,1615,2.293145604395604
STORE5,2016-08-06,1581,2.3395391061452515
STORE5,2016-08-13,1593,2.3148895027624308
STORE5,2016-08-20,1553,2.3506805555555554
STORE5,2016-08-27,1522,2.2894972826086954
STORE5,2016-09-03,1714,2.3498930481283424
STORE5,2016-09-10,1789,2.298943298969072
STORE5,2016-09-17,1431,2.342673796791444
STORE5,2016-09-24,1514,2.3117592592592593
STORE5,2016-10-01,1394,2.3352472527472528
STORE5,2016-10-08,1348,2.3484375
STORE5,2016-10-15,1419,2.4054464285714285
STORE5,2016-10-22,1365,2.3608571428571428
STORE5,2016-10-29,1365,2.31566091954023
STORE5,2016-11-05,1256,2.3978048780487806
STORE5,2016-11-12,1209,2.413502906976744
STORE5,2016-11-19,1224,2.3866920731707317
STORE5,2016-11-26,1859,2.4227989130434784
STORE5,2016-12-03,1102,2.482762345679012
STORE5,2016-12-10,1130,2.4093072289156625
STORE5,2016-12-17,1289,2.3990677966101694
STORE5,2016-12-24,1954,2.4043575418994414
STORE5,2016-12-31,1395,2.453985294117647
