macro_marketing/BeerSalesData.csv
store,date_of_week,sales,price
STORE6,2010-01-02,1424,3.103440366972477
STORE6,2010-01-09,1008,2.933373786407767
STORE6,2010-01-16,1341,2.9647566371681418
STORE6,2010-01-23,1308,3.317359813084112
STORE6,2010-01-30,1352,3.1383256880733943
STORE6,2010-02-06,1527,3.0682568807339448
STORE6,2010-02-13,1594,3.099681818181818
STORE6,2010-02-20,1339,2.8678398058252426
STORE6,2010-02-27,1312,2.8232142857142857
STORE6,2010-03-06,1308,3.263657407407407
STORE6,2010-03-13,1557,2.8203703703703704
STORE6,2010-03-20,1480,3.0447142857142855
STORE6,2010-03-27,1477,3.0785091743119266
STORE6,2010-04-03,1597,3.0249047619047618
STORE6,2010-04-10,1585,2.829044117647059
STORE6,2010-04-17,1511,3.2998364485981306
STORE6,2010-04-24,1436,2.834532710280374
STORE6,2010-05-01,1725,2.8121728971962616
STORE6,2010-05-08,1960,2.983482142857143
STORE6,2010-05-15,1869,2.7491814159292036
STORE6,2010-05-22,1422,2.7210454545454543
STORE6,2010-05-29,1444,2.7137385321100918
STORE6,2010-06-05,1500,2.7347018348623853
STORE6,2010-06-12,1392,2.8534027777777777
STORE6,2010-06-19,1699,2.8401666666666667
STORE6,2010-06-26,1391,2.8137857142857143
STORE6,2010-07-03,1622,2.739537037037037
STORE6,2010-07-10,1488,2.8318691588785048
STORE6,2010-07-17,1364,2.9080504587155964
STORE6,2010-07-24,1322,2.8281009615384614
STORE6,2010-07-31,1172,2.783481308411215
STORE6,2010-08-07,1292,2.7954906542056075
STORE6,2010-08-14,1477,2.828876146788991
STORE6,2010-08-21,1712,3.314842342342342
STORE6,2010-08-28,1537,3.080878378378378
STORE6,2010-09-04,1742,2.8177358490566036
STORE6,2010-09-11,1704,2.9053181818181817
STORE6,2010-09-18,1772,3.074481981981982
STORE6,2010-09-25,1387,2.8492757009345793
STORE6,2010-10-02,1675,3.180727272727273
STORE6,2010-10-09,1251,2.9659134615384617
STORE6,2010-10-16,1423,3.194074074074074
STORE6,2010-10-23,1162,2.8996462264150944
STORE6,2010-10-30,1983,3.081822429906542
STORE6,2010-11-06,1465,3.4143577981651374
STORE6,2010-11-13,1389,3.0532075471698112
STORE6,2010-11-20,1596,3.5102727272727274
STORE6,2010-11-27,2219,3.070894495412844
STORE6,2010-12-04,1670,3.021169724770642
STORE6,2010-12-11,1193,2.9243382352941176
STORE6,2010-12-18,1199,2.9023300970873787
STORE6,2010-12-25,1345,2.8721534653465346
STORE6,2011-01-01,1094,2.840686274509804
STORE6,2011-01-08,828,2.8944059405940594
STORE6,2011-01-15,1158,3.4651146788990825
STORE6,2011-01-22,1195,3.1562376237623764
STORE6,2011-01-29,1099,2.9058168316831683
STORE6,2011-02-05,1242,2.9333095238095237
STORE6,2011-02-12,1316,2.9102941176470587
STORE6,2011-02-19,1100,2.9680714285714287
STORE6,2011-02-26,1044,2.9325245098039217
STORE6,2011-03-05,1167,2.9383663366336634
STORE6,2011-03-12,1138,2.9566990291262134
STORE6,2011-03-19,1127,2.9577450980392155
STORE6,2011-03-26,1173,2.9539622641509435
STORE6,2011-04-02,1381,2.9651699029126215
STORE6,2011-04-09,1214,3.020873786407767
STORE6,2011-04-16,1270,3.0342892156862744
STORE6,2011-04-23,1404,2.940752427184466
STORE6,2011-04-30,1403,2.9473333333333334
STORE6,2011-05-07,1865,2.8685185185185187
STORE6,2011-05-14,1566,3.1601201923076925
STORE6,2011-05-21,1100,2.984230769230769
STORE6,2011-05-28,1210,3.089532710280374
STORE6,2011-06-04,1315,2.861116504854369
STORE6,2011-06-11,1190,2.9194471153846155
STORE6,2011-06-18,1513,3.3893691588785044
STORE6,2011-06-25,1372,2.865190476190476
STORE6,2011-07-02,1831,2.7775
STORE6,2011-07-09,1630,2.6858333333333335
STORE6,2011-07-16,1367,2.6590463917525775
STORE6,2011-07-23,1288,2.7216666666666667
STORE6,2011-07-30,1366,2.7057446808510637
STORE6,2011-08-06,1323,3.0508684210526313
STORE6,2011-08-13,1280,2.807086956521739
STORE6,2011-08-20,1715,2.8153389830508475
STORE6,2011-08-27,1592,3.2209583333333334
STORE6,2011-09-03,1726,3.2213016528925618
STORE6,2011-09-10,1775,3.113841463414634
STORE6,2011-09-17,1662,2.9658196721311474
STORE6,2011-09-24,1377,2.9739462809917354
STORE6,2011-10-01,1476,2.9179956896551724
STORE6,2011-10-08,1387,3.1955882352941174
STORE6,2011-10-15,1484,2.840689655172414
STORE6,2011-10-22,1335,2.881086956521739
STORE6,2011-10-29,1685,3.388649193548387
STORE6,2011-11-05,1401,3.088217213114754
STORE6,2011-11-12,1382,3.3531150793650792
STORE6,2011-11-19,1465,2.9119512195121953
STORE6,2011-11-26,1873,2.9054303278688525
STORE6,2011-12-03,1257,2.866341463414634
STORE6,2011-12-10,1147,3.0324593495934957
STORE6,2011-12-17,1122,2.8453813559322034
STORE6,2011-12-24,1376,2.723706140350877
STORE6,2011-12-31,1485,2.742739130434783
STORE6,2012-01-07,1179,2.779358407079646
STORE6,2012-01-14,1415,3.112356557377049
STORE6,2012-01-21,1359,3.109583333333333
STORE6,2012-01-28,1353,2.900189075630252
STORE6,2012-02-04,1407,2.90030737704918
STORE6,2012-02-11,1637,3.23588
STORE6,2012-02-18,1306,3.053050847457627
STORE6,2012-02-25,1473,2.801837121212121
STORE6,2012-03-03,1403,2.7550757575757574
STORE6,2012-03-10,1370,2.931268382352941
STORE6,2012-03-17,1300,2.7207307692307694
STORE6,2012-03-24,1434,2.6656751824817517
STORE6,2012-03-31,1437,2.8740217391304346
STORE6,2012-04-07,1672,2.788419117647059
STORE6,2012-04-14,1761,2.7065530303030303
STORE6,2012-04-21,1793,2.651058394160584
STORE6,2012-04-28,1488,2.665797101449275
STORE6,2012-05-05,2760,2.656105072463768
STORE6,2012-05-12,2234,2.724963503649635
STORE6,2012-05-19,1451,2.933074074074074
STORE6,2012-05-26,1438,2.6361194029850745
STORE6,2012-06-02,1597,2.6944525547445255
STORE6,2012-06-09,1480,2.7236567164179104
STORE6,2012-06-16,1405,2.923925925925926
STORE6,2012-06-23,1533,2.6677115384615386
STORE6,2012-06-30,1535,2.9494384057971015
STORE6,2012-07-07,1882,2.712589928057554
STORE6,2012-07-14,1409,2.7489179104477612
STORE6,2012-07-21,1538,2.7186567164179105
STORE6,2012-07-28,1459,2.7080072463768117
STORE6,2012-08-04,1485,2.7110984848484847
STORE6,2012-08-11,1657,2.706828358208955
STORE6,2012-08-18,1709,2.760108695652174
STORE6,2012-08-25,1788,2.721613475177305
STORE6,2012-09-01,2108,2.9698639455782314
STORE6,2012-09-08,2035,2.6806964285714288
STORE6,2012-09-15,1998,2.7200513698630138
STORE6,2012-09-22,1891,3.0104195804195806
STORE6,2012-09-29,1839,2.689470802919708
STORE6,2012-10-06,1771,2.8864716312056737
STORE6,2012-10-13,1624,2.914894366197183
STORE6,2012-10-20,1843,2.892463768115942
STORE6,2012-10-27,1804,2.8170503597122303
STORE6,2012-11-03,1890,2.8881866197183097
STORE6,2012-11-10,1679,2.85675
STORE6,2012-11-17,1846,2.625808270676692
STORE6,2012-11-24,2381,2.6727482269503544
STORE6,2012-12-01,1384,2.6500925925925927
STORE6,2012-12-08,1567,2.7501063829787236
STORE6,2012-12-15,1421,2.8698540145985403
STORE6,2012-12-22,1501,2.721277777777778
STORE6,2012-12-29,1490,2.8425
STORE6,2013-01-05,1616,2.7339855072463766
STORE6,2013-01-12,1197,2.7727554744525547
STORE6,2013-01-19,1437,2.991223404255319
STORE6,2013-01-26,1437,2.970034965034965
STORE6,2013-02-02,1510,2.7355410447761193
STORE6,2013-02-09,1771,2.7658680555555555
STORE6,2013-02-16,1574,2.7858510638297873
STORE6,2013-02-23,1535,2.756767857142857
STORE6,2013-03-02,1616,2.7711964285714283
STORE6,2013-03-09,1555,2.7615070921985816
STORE6,2013-03-16,1717,2.7467957746478873
STORE6,2013-03-23,1504,2.7334782608695654
STORE6,2013-03-30,1708,2.8779496402877696
STORE6,2013-04-06,1843,2.748080985915493
STORE6,2013-04-13,1740,2.9489539007092196
STORE6,2013-04-20,1894,2.77781914893617
STORE6,2013-04-27,1769,2.745759259259259
STORE6,2013-05-04,2400,2.7514028776978416
STORE6,2013-05-11,1942,2.7200373134328357
STORE6,2013-05-18,1951,2.774264705882353
STORE6,2013-05-25,1640,2.7816296296296295
STORE6,2013-06-01,1766,2.723901515151515
STORE6,2013-06-08,1724,2.6975390624999998
STORE6,2013-06-15,1737,2.700132575757576
STORE6,2013-06-22,1851,2.6881702898550723
STORE6,2013-06-29,1715,2.707425925925926
STORE6,2013-07-06,2669,2.6453571428571427
STORE6,2013-07-13,2103,2.605859375
STORE6,2013-07-20,1897,2.646574803149606
STORE6,2013-07-27,1657,2.5859074074074075
STORE6,2013-08-03,1717,2.5587852112676055
STORE6,2013-08-10,1765,2.5941970802919707
STORE6,2013-08-17,1794,2.6270108695652175
STORE6,2013-08-24,2111,2.763160714285714
STORE6,2013-08-31,2353,2.7535234899328858
STORE6,2013-09-07,2602,2.7687837837837836
STORE6,2013-09-14,2598,2.702482876712329
STORE6,2013-09-21,2050,2.571996527777778
STORE6,2013-09-28,1793,2.663607142857143
STORE6,2013-10-05,1992,2.7498958333333334
STORE6,2013-10-12,1924,2.671808510638298
STORE6,2013-10-19,1841,2.6374479166666664
STORE6,2013-10-26,1929,2.804946808510638
STORE6,2013-11-02,1872,2.7806866197183098
STORE6,2013-11-09,1879,2.785089928057554
STORE6,2013-11-16,1977,2.7911313868613137
STORE6,2013-11-23,1824,2.7473888888888887
STORE6,2013-11-30,2570,2.8144858156028367
STORE6,2013-12-07,1457,2.824330985915493
STORE6,2013-12-14,1464,2.769078014184397
STORE6,2013-12-21,1746,2.7616725352112677
STORE6,2013-12-28,2174,2.636884328358209
STORE6,2014-01-04,1788,2.6665073529411765
STORE6,2014-01-11,1296,2.621462962962963
STORE6,2014-01-18,1690,2.7089716312056735
STORE6,2014-01-25,1735,2.745875
STORE6,2014-02-01,1650,2.8725892857142856
STORE6,2014-02-08,1731,2.7129074074074073
STORE6,2014-02-15,1535,2.846277777777778
STORE6,2014-02-22,1648,2.6588432835820894
STORE6,2014-03-01,1569,2.6180925925925926
STORE6,2014-03-08,1633,2.8645289855072464
STORE6,2014-03-15,1681,2.6607037037037036
STORE6,2014-03-22,1736,2.658369565217391
STORE6,2014-03-29,1861,2.927767857142857
STORE6,2014-04-05,1866,2.9628623188405796
STORE6,2014-04-12,1931,2.8633088235294117
STORE6,2014-04-19,1818,2.8167934782608697
STORE6,2014-04-26,1824,2.595517857142857
STORE6,2014-05-03,2279,2.6007169117647058
STORE6,2014-05-10,1975,2.8503358208955225
STORE6,2014-05-17,2407,2.806785714285714
STORE6,2014-05-24,1871,2.758785714285714
STORE6,2014-05-31,2152,2.6113129496402876
STORE6,2014-06-07,2008,2.6002007299270073
STORE6,2014-06-14,1995,2.726287313432836
STORE6,2014-06-21,1988,2.7666123188405796
STORE6,2014-06-28,2111,2.6453597122302157
STORE6,2014-07-05,2663,2.6651642335766423
STORE6,2014-07-12,1873,2.657481884057971
STORE6,2014-07-19,1993,2.6456785714285713
STORE6,2014-07-26,2043,2.644080882352941
STORE6,2014-08-02,1933,2.613812949640288
STORE6,2014-08-09,2058,2.8696582733812948
STORE6,2014-08-16,2049,2.8247992700729925
STORE6,2014-08-23,2438,2.767771739130435
STORE6,2014-08-30,2704,2.747375886524823
STORE6,2014-09-06,2542,2.9743485915492958
STORE6,2014-09-13,2891,2.91375
STORE6,2014-09-20,2470,2.8748426573426573
STORE6,2014-09-27,2340,2.633563829787234
STORE6,2014-10-04,2406,2.6166906474820144
STORE6,2014-10-11,2306,2.607248201438849
STORE6,2014-10-18,2306,3.0608566433566433
STORE6,2014-10-25,2681,2.6045212765957446
STORE6,2014-11-01,2531,2.635503597122302
STORE6,2014-11-08,2056,2.8595892857142857
STORE6,2014-11-15,2049,3.0111805555555557
STORE6,2014-11-22,2293,2.5769285714285712
STORE6,2014-11-29,2832,2.6199131944444445
STORE6,2014-12-06,1794,2.642264492753623
STORE6,2014-12-13,1901,2.661375
STORE6,2014-12-20,1911,2.6154166666666665
STORE6,2014-12-27,2385,2.587445652173913
STORE6,2015-01-03,2006,2.684762773722628
STORE6,2015-01-10,1547,2.660203703703704
STORE6,2015-01-17,1908,2.6298529411764706
STORE6,2015-01-24,1883,2.6840827338129496
STORE6,2015-01-31,2124,2.675124113475177
STORE6,2015-02-07,2176,2.6726277372262772
STORE6,2015-02-14,2050,2.7545985401459854
STORE6,2015-02-21,2016,2.7003985507246377
STORE6,2015-02-28,1707,2.73143115942029
STORE6,2015-03-07,1846,2.7495503597122304
STORE6,2015-03-14,2310,2.7436690647482016
STORE6,2015-03-21,2038,2.7451964285714285
STORE6,2015-03-28,2109,2.7543035714285713
STORE6,2015-04-04,2093,2.755329861111111
STORE6,2015-04-11,2032,2.7635211267605633
STORE6,2015-04-18,2415,2.8510892857142855
STORE6,2015-04-25,1995,2.9296478873239438
STORE6,2015-05-02,3068,2.753013698630137
STORE6,2015-05-09,2065,2.8122108843537417
STORE6,2015-05-16,2227,2.8474172185430464
STORE6,2015-05-23,1848,2.8536993243243245
STORE6,2015-05-30,2013,2.813473154362416
STORE6,2015-06-06,2011,3.042332214765101
STORE6,2015-06-13,1843,2.9595
STORE6,2015-06-20,2145,2.75955
STORE6,2015-06-27,2150,2.7666225165562914
STORE6,2015-07-04,2821,2.7464144736842107
STORE6,2015-07-11,1973,2.932315436241611
STORE6,2015-07-18,2052,2.7377152317880795
STORE6,2015-07-25,2128,2.724731543624161
STORE6,2015-08-01,2241,2.7281587837837837
STORE6,2015-08-08,1979,2.74611301369863
STORE6,2015-08-15,2212,2.7398666666666665
STORE6,2015-08-22,2377,2.7304575163398694
STORE6,2015-08-29,2467,2.8630817610062893
STORE6,2015-09-05,2646,2.6611867088607597
STORE6,2015-09-12,2959,2.6646779141104293
STORE6,2015-09-19,2699,2.699130434782609
STORE6,2015-09-26,2490,2.6708536585365854
STORE6,2015-10-03,2385,2.7370552147239264
STORE6,2015-10-10,2464,2.767469325153374
STORE6,2015-10-17,2374,2.758117283950617
STORE6,2015-10-24,2565,2.739631901840491
STORE6,2015-10-31,2600,2.7048259493670885
STORE6,2015-11-07,2307,2.720885093167702
STORE6,2015-11-14,2230,2.7284104938271603
STORE6,2015-11-21,2070,2.7335443037974683
STORE6,2015-11-28,2626,2.749939024390244
STORE6,2015-12-05,1864,2.7523456790123455
STORE6,2015-12-12,1853,2.827261146496815
STORE6,2015-12-19,1932,2.729807692307692
STORE6,2015-12-26,2593,2.7631962025316454
STORE6,2016-01-02,2191,2.77650641025641
STORE6,2016-01-09,1509,2.682565789473684
STORE6,2016-01-16,1838,2.7439999999999998
STORE6,2016-01-23,2048,2.720705128205128
STORE6,2016-01-30,1968,2.7527343749999997
STORE6,2016-02-06,2344,2.6994303797468353
STORE6,2016-02-13,2616,2.72225
STORE6,2016-02-20,2153,2.7573051948051948
STORE6,2016-02-27,2033,2.762009493670886
STORE6,2016-03-05,2106,2.7196974522292994
STORE6,2016-03-12,2327,2.7229272151898734
STORE6,2016-03-19,2548,2.7872784810126583
STORE6,2016-03-26,2441,2.7688819875776396
STORE6,2016-04-02,2246,2.7647310126582276
STORE6,2016-04-09,2193,2.7038245033112585
STORE6,2016-04-16,2377,2.69415
STORE6,2016-04-23,2423,2.7171833333333333
STORE6,2016-04-30,2475,2.651989436619718
STORE6,2016-05-07,2712,2.657931654676259
STORE6,2016-05-14,2639,2.658255395683453
STORE6,2016-05-21,2000,2.685902255639098
STORE6,2016-05-28,2088,2.681793893129771
STORE6,2016-06-04,2414,2.698573943661972
STORE6,2016-06-11,2325,2.6728993055555557
STORE6,2016-06-18,2426,2.636979166666667
STORE6,2016-06-25,2798,2.5886409395973153
STORE6,2016-07-02,2527,2.6117166666666667
STORE6,2016-07-09,2861,2.6334395973154363
STORE6,2016-07-16,2432,2.620241379310345
STORE6,2016-07-23,2548,2.6573784722222222
STORE6,2016-07-30,2544,2.6254432624113475
STORE6,2016-08-06,2391,2.584293103448276
STORE6,2016-08-13,2405,2.6824827586206896
STORE6,2016-08-20,2561,2.67656462585034
STORE6,2016-08-27,2512,2.657203947368421
STORE6,2016-09-03,2654,2.6377910958904107
STORE6,2016-09-10,2752,2.6415771812080537
STORE6,2016-09-17,2307,2.693983333333333
STORE6,2016-09-24,2295,2.6962913907284767
STORE6,2016-10-01,2733,2.6492384105960265
STORE6,2016-10-08,2463,2.6727013422818793
STORE6,2016-10-15,2362,2.6679020979020978
STORE6,2016-10-22,2409,2.6238448275862067
STORE6,2016-10-29,2433,2.6457342657342657
STORE6,2016-11-05,2429,2.6918103448275863
STORE6,2016-11-12,2516,2.6957758620689654
STORE6,2016-11-19,2174,2.6583843537414964
STORE6,2016-11-26,2643,2.6472278911564624
STORE6,2016-12-03,1754,2.6162592592592593
STORE6,2016-12-10,1658,2.689308510638298
STORE6,2016-12-17,1873,2.6158211678832117
STORE6,2016-12-24,2132,2.637722222222222
STORE6,2016-12-31,2176,2.631848591549296
