macro_marketing/BeerSalesData.csv
store,date_of_week,sales,price
STORE7,2010-01-02,1947,2.294142857142857
STORE7,2010-01-09,1435,2.3170555555555556
STORE7,2010-01-16,1479,2.2935611510791367
STORE7,2010-01-23,1565,2.2943382352941177
STORE7,2010-01-30,1920,2.297676056338028
STORE7,2010-02-06,1939,2.262482638888889
STORE7,2010-02-13,1795,2.2634895833333335
STORE7,2010-02-20,1454,2.30556338028169
STORE7,2010-02-27,1579,2.307062937062937
STORE7,2010-03-06,1566,2.270576923076923
STORE7,2010-03-13,1668,2.2651223776223777
STORE7,2010-03-20,1828,2.2760387323943663
STORE7,2010-03-27,1708,2.2727852348993287
STORE7,2010-04-03,1909,2.295881294964029
STORE7,2010-04-10,1906,2.3122727272727275
STORE7,2010-04-17,1894,2.2666666666666666
STORE7,2010-04-24,1602,2.3079856115107913
STORE7,2010-05-01,1618,2.2655434782608697
STORE7,2010-05-08,1901,2.250344827586207
STORE7,2010-05-15,1603,2.252781690140845
STORE7,2010-05-22,1624,2.2671276595744683
STORE7,2010-05-29,1786,2.2639765100671143
STORE7,2010-06-05,1723,2.255
STORE7,2010-06-12,1689,2.2867307692307692
STORE7,2010-06-19,1687,2.2721428571428572
STORE7,2010-06-26,1638,2.2910172413793104
STORE7,2010-07-03,1801,2.2990728476821194
STORE7,2010-07-10,1849,2.3024337748344372
STORE7,2010-07-17,1604,2.298597972972973
STORE7,2010-07-24,1608,2.318013698630137
STORE7,2010-07-31,1549,2.3191433566433566
STORE7,2010-08-07,1680,2.2895390070921984
STORE7,2010-08-14,1544,2.2981521739130435
STORE7,2010-08-21,1689,2.3313527397260274
STORE7,2010-08-28,1516,2.3044618055555555
STORE7,2010-09-04,1774,2.3187414965986393
STORE7,2010-09-11,1883,2.303452380952381
STORE7,2010-09-18,1591,2.3322340425531913
STORE7,2010-09-25,1603,2.31515625
STORE7,2010-10-02,1559,2.3172743055555554
STORE7,2010-10-09,1541,2.349155172413793
STORE7,2010-10-16,1502,2.340503355704698
STORE7,2010-10-23,1484,2.347517123287671
STORE7,2010-10-30,1575,2.314078014184397
STORE7,2010-11-06,1475,2.3364748201438847
STORE7,2010-11-13,1465,2.3615625
STORE7,2010-11-20,1419,2.335603448275862
STORE7,2010-11-27,1615,2.3565647482014387
STORE7,2010-12-04,1317,2.2998703703703702
STORE7,2010-12-11,1359,2.328888888888889
STORE7,2010-12-18,1611,2.3192198581560284
STORE7,2010-12-25,1423,2.3451277372262775
STORE7,2011-01-01,1508,2.3406159420289856
STORE7,2011-01-08,1117,2.3576923076923078
STORE7,2011-01-15,1247,2.3709398496240603
STORE7,2011-01-22,1230,2.361159420289855
STORE7,2011-01-29,1257,2.3247695035460993
STORE7,2011-02-05,1412,2.372536496350365
STORE7,2011-02-12,1500,2.3405319148936172
STORE7,2011-02-19,1254,2.345391791044776
STORE7,2011-02-26,1228,2.378605072463768
STORE7,2011-03-05,1359,2.3533273381294966
STORE7,2011-03-12,1202,2.352536496350365
STORE7,2011-03-19,1343,2.38099609375
STORE7,2011-03-26,1276,2.3550746268656715
STORE7,2011-04-02,1417,2.3015384615384615
STORE7,2011-04-09,1128,2.3230511811023624
STORE7,2011-04-16,1192,2.337096153846154
STORE7,2011-04-23,1297,2.34568
STORE7,2011-04-30,1447,2.3294444444444444
STORE7,2011-05-07,1447,2.2734325396825397
STORE7,2011-05-14,1189,2.2488729508196723
STORE7,2011-05-21,1219,2.275
STORE7,2011-05-28,1353,2.2942226890756303
STORE7,2011-06-04,1414,2.2847
STORE7,2011-06-11,1168,2.328272357723577
STORE7,2011-06-18,1186,2.2878455284552843
STORE7,2011-06-25,1305,2.3012704918032787
STORE7,2011-07-02,1477,2.278217054263566
STORE7,2011-07-09,1728,2.280964566929134
STORE7,2011-07-16,1434,2.29954
STORE7,2011-07-23,1364,2.26636
STORE7,2011-07-30,1371,2.2658661417322836
STORE7,2011-08-06,1355,2.2976428571428573
STORE7,2011-08-13,1285,2.3428358208955222
STORE7,2011-08-20,1460,2.3043840579710144
STORE7,2011-08-27,1709,2.279339285714286
STORE7,2011-09-03,1615,2.2869006849315068
STORE7,2011-09-10,1542,2.3042534722222223
STORE7,2011-09-17,1478,2.284568345323741
STORE7,2011-09-24,1442,2.312338129496403
STORE7,2011-10-01,1479,2.3038368055555556
STORE7,2011-10-08,1393,2.3058978873239435
STORE7,2011-10-15,1394,2.298814814814815
STORE7,2011-10-22,1476,2.337028985507246
STORE7,2011-10-29,1568,2.3225709219858155
STORE7,2011-11-05,1541,2.323472222222222
STORE7,2011-11-12,1580,2.341188811188811
STORE7,2011-11-19,1631,2.3438020833333333
STORE7,2011-11-26,1804,2.3261524822695034
STORE7,2011-12-03,1440,2.3628645833333333
STORE7,2011-12-10,1530,2.3410344827586207
STORE7,2011-12-17,1653,2.3249305555555555
STORE7,2011-12-24,1778,2.3571328671328673
STORE7,2011-12-31,1585,2.3588204225352114
STORE7,2012-01-07,1172,2.4548357664233578
STORE7,2012-01-14,1416,2.373732876712329
STORE7,2012-01-21,1362,2.406402027027027
STORE7,2012-01-28,1415,2.3766725352112674
STORE7,2012-02-04,1577,2.393784722222222
STORE7,2012-02-11,1636,2.411440972222222
STORE7,2012-02-18,1437,2.414308510638298
STORE7,2012-02-25,1355,2.423767857142857
STORE7,2012-03-03,1440,2.3904710144927535
STORE7,2012-03-10,1427,2.3889788732394366
STORE7,2012-03-17,1753,2.4122887323943663
STORE7,2012-03-24,1542,2.4112412587412586
STORE7,2012-03-31,1591,2.421013986013986
STORE7,2012-04-07,1658,2.391206293706294
STORE7,2012-04-14,1691,2.4142979452054796
STORE7,2012-04-21,1687,2.3969791666666667
STORE7,2012-04-28,1668,2.414207746478873
STORE7,2012-05-05,1894,2.3900886524822695
STORE7,2012-05-12,1797,2.3664963503649634
STORE7,2012-05-19,1689,2.386063829787234
STORE7,2012-05-26,1798,2.3749087591240876
STORE7,2012-06-02,2150,2.40455035971223
STORE7,2012-06-09,1709,2.400857142857143
STORE7,2012-06-16,1840,2.4039388489208635
STORE7,2012-06-23,1839,2.253556338028169
STORE7,2012-06-30,1863,2.2575
STORE7,2012-07-07,2566,2.298984375
STORE7,2012-07-14,1675,2.333937007874016
STORE7,2012-07-21,1760,2.325
STORE7,2012-07-28,1796,2.352093023255814
STORE7,2012-08-04,1791,2.3345703125
STORE7,2012-08-11,1730,2.313003875968992
STORE7,2012-08-18,1812,2.298703007518797
STORE7,2012-08-25,1838,2.311865671641791
STORE7,2012-09-01,2043,2.2570185185185183
STORE7,2012-09-08,2231,2.271690647482014
STORE7,2012-09-15,1923,2.2908687943262414
STORE7,2012-09-22,1798,2.2553214285714285
STORE7,2012-09-29,1914,2.292145390070922
STORE7,2012-10-06,1793,2.293405797101449
STORE7,2012-10-13,1755,2.3220555555555555
STORE7,2012-10-20,1781,2.340018656716418
STORE7,2012-10-27,1988,2.2908333333333335
STORE7,2012-11-03,1918,2.3493392857142856
STORE7,2012-11-10,1703,2.335341726618705
STORE7,2012-11-17,1728,2.3182664233576644
STORE7,2012-11-24,1918,2.376043165467626
STORE7,2012-12-01,1517,2.3532116788321167
STORE7,2012-12-08,1605,2.333917910447761
STORE7,2012-12-15,1648,2.3993382352941177
STORE7,2012-12-22,1765,2.4070955882352942
STORE7,2012-12-29,1642,2.386231343283582
STORE7,2013-01-05,1800,2.4190441176470587
STORE7,2013-01-12,1581,2.4551666666666665
STORE7,2013-01-19,1526,2.4281964285714284
STORE7,2013-01-26,1540,2.4521762589928056
STORE7,2013-02-02,1638,2.4158333333333335
STORE7,2013-02-09,1820,2.4220598591549294
STORE7,2013-02-16,1483,2.3643014705882353
STORE7,2013-02-23,1545,2.39781914893617
STORE7,2013-03-02,1570,2.3595567375886524
STORE7,2013-03-09,1573,2.3945104895104894
STORE7,2013-03-16,1670,2.3791433566433566
STORE7,2013-03-23,1658,2.4187414965986394
STORE7,2013-03-30,1623,2.377685810810811
STORE7,2013-04-06,1771,2.3935915492957744
STORE7,2013-04-13,1985,2.4497682119205297
STORE7,2013-04-20,1841,2.45339527027027
STORE7,2013-04-27,1863,2.40656462585034
STORE7,2013-05-04,1661,2.386683673469388
STORE7,2013-05-11,1780,2.422083333333333
STORE7,2013-05-18,1680,2.4094349315068495
STORE7,2013-05-25,1902,2.428673469387755
STORE7,2013-06-01,2188,2.4262847222222224
STORE7,2013-06-08,1865,2.4328214285714287
STORE7,2013-06-15,1968,2.445017006802721
STORE7,2013-06-22,1837,2.439184027777778
STORE7,2013-06-29,1894,2.4307931034482757
STORE7,2013-07-06,2507,2.397551724137931
STORE7,2013-07-13,1636,2.4478496503496503
STORE7,2013-07-20,1824,2.4221701388888888
STORE7,2013-07-27,1703,2.3986267605633804
STORE7,2013-08-03,1722,2.4104195804195805
STORE7,2013-08-10,1945,2.404239864864865
STORE7,2013-08-17,1879,2.3811713286713285
STORE7,2013-08-24,2018,2.416705298013245
STORE7,2013-08-31,1934,2.3912
STORE7,2013-09-07,2246,2.4384313725490196
STORE7,2013-09-14,2026,2.4404936305732483
STORE7,2013-09-21,1882,2.4639772727272726
STORE7,2013-09-28,1778,2.461470588235294
STORE7,2013-10-05,1776,2.467628205128205
STORE7,2013-10-12,1626,2.549438775510204
STORE7,2013-10-19,1687,2.55655
STORE7,2013-10-26,1633,2.483107638888889
STORE7,2013-11-02,1849,2.4649666666666668
STORE7,2013-11-09,1611,2.4122804054054052
STORE7,2013-11-16,1699,2.5205166666666665
STORE7,2013-11-23,1660,2.507179054054054
STORE7,2013-11-30,1915,2.531633333333333
STORE7,2013-12-07,1606,2.682035714285714
STORE7,2013-12-14,1691,2.5505253623188406
STORE7,2013-12-21,1745,2.4817132867132865
STORE7,2013-12-28,1667,2.4811979166666664
STORE7,2014-01-04,1791,2.5087328767123287
STORE7,2014-01-11,1384,2.524046762589928
STORE7,2014-01-18,1445,2.542789855072464
STORE7,2014-01-25,1502,2.498177083333333
STORE7,2014-02-01,1426,2.4671598639455783
STORE7,2014-02-08,1656,2.525527210884354
STORE7,2014-02-15,1494,2.529551724137931
STORE7,2014-02-22,1345,2.479493006993007
STORE7,2014-03-01,1339,2.5125880281690143
STORE7,2014-03-08,1408,2.515107142857143
STORE7,2014-03-15,1516,2.5136363636363637
STORE7,2014-03-22,1490,2.5118706293706294
STORE7,2014-03-29,1439,2.4851232394366196
STORE7,2014-04-05,1553,2.5144244604316546
STORE7,2014-04-12,1540,2.4905769230769232
STORE7,2014-04-19,1537,2.519010067114094
STORE7,2014-04-26,1631,2.5241610738255034
STORE7,2014-05-03,1523,2.534829931972789
STORE7,2014-05-10,1677,2.5382167832167832
STORE7,2014-05-17,1629,2.5588965517241378
STORE7,2014-05-24,1767,2.559357638888889
STORE7,2014-05-31,1774,2.5527604166666666
STORE7,2014-06-07,1631,2.5544718309859156
STORE7,2014-06-14,1598,2.5698404255319147
STORE7,2014-06-21,1690,2.5737589928057556
STORE7,2014-06-28,1592,2.5421302816901408
STORE7,2014-07-05,2158,2.5405102040816328
STORE7,2014-07-12,1470,2.526010638297872
STORE7,2014-07-19,1588,2.5795471014492755
STORE7,2014-07-26,1482,2.5735
STORE7,2014-08-02,1516,2.532482142857143
STORE7,2014-08-09,1642,2.5378649635036497
STORE7,2014-08-16,1484,2.5268571428571427
STORE7,2014-08-23,1721,2.5139788732394366
STORE7,2014-08-30,1658,2.484037037037037
STORE7,2014-09-06,1889,2.5350880281690142
STORE7,2014-09-13,1500,2.5019384057971013
STORE7,2014-09-20,1448,2.5071564885496183
STORE7,2014-09-27,1466,2.4849612403100774
STORE7,2014-10-04,1481,2.602746212121212
STORE7,2014-10-11,1514,2.612124060150376
STORE7,2014-10-18,1511,2.616473880597015
STORE7,2014-10-25,1463,2.608339416058394
STORE7,2014-11-01,1646,2.5443984962406017
STORE7,2014-11-08,1328,2.558625
STORE7,2014-11-15,1386,2.606360294117647
STORE7,2014-11-22,1380,2.602155797101449
STORE7,2014-11-29,1631,2.565456204379562
STORE7,2014-12-06,1327,2.5662121212121214
STORE7,2014-12-13,1329,2.5867830882352942
STORE7,2014-12-20,1512,2.5780698529411765
STORE7,2014-12-27,1380,2.58136690647482
STORE7,2015-01-03,1729,2.516672794117647
STORE7,2015-01-10,1231,2.583110687022901
STORE7,2015-01-17,1361,2.5852857142857144
STORE7,2015-01-24,1439,2.5768566176470586
STORE7,2015-01-31,1482,2.5491165413533836
STORE7,2015-02-07,1595,2.527931654676259
STORE7,2015-02-14,1408,2.5437499999999997
STORE7,2015-02-21,1435,2.6064285714285713
STORE7,2015-02-28,1353,2.551985294117647
STORE7,2015-03-07,1334,2.5548741007194242
STORE7,2015-03-14,1401,2.5360815602836877
STORE7,2015-03-21,1532,2.542890070921986
STORE7,2015-03-28,1374,2.5349820143884894
STORE7,2015-04-04,1609,2.441153846153846
STORE7,2015-04-11,1544,2.5090070921985816
STORE7,2015-04-18,1618,2.5169791666666668
STORE7,2015-04-25,1584,2.4999300699300697
STORE7,2015-05-02,1690,2.5125704225352115
STORE7,2015-05-09,1835,2.515416666666667
STORE7,2015-05-16,1669,2.5264335664335666
STORE7,2015-05-23,1800,2.4654049295774647
STORE7,2015-05-30,2025,2.4726408450704227
STORE7,2015-06-06,1646,2.46306338028169
STORE7,2015-06-13,1778,2.4915357142857144
STORE7,2015-06-20,1790,2.512712765957447
STORE7,2015-06-27,1724,2.506343537414966
STORE7,2015-07-04,2213,2.51236013986014
STORE7,2015-07-11,1531,2.5067753623188405
STORE7,2015-07-18,1638,2.481923076923077
STORE7,2015-07-25,1563,2.5153521126760565
STORE7,2015-08-01,1584,2.4809074074074076
STORE7,2015-08-08,1612,2.5671323529411763
STORE7,2015-08-15,1684,2.4939999999999998
STORE7,2015-08-22,1766,2.483085106382979
STORE7,2015-08-29,1713,2.4586091549295777
STORE7,2015-09-05,1851,2.472671232876712
STORE7,2015-09-12,2023,2.47734375
STORE7,2015-09-19,1718,2.4905851063829787
STORE7,2015-09-26,1705,2.5121503496503497
STORE7,2015-10-03,1899,2.562140410958904
STORE7,2015-10-10,1573,2.508862068965517
STORE7,2015-10-17,1631,2.517299270072993
STORE7,2015-10-24,1614,2.541086956521739
STORE7,2015-10-31,1826,2.5093115942028987
STORE7,2015-11-07,1439,2.554208633093525
STORE7,2015-11-14,1488,2.4981702898550724
STORE7,2015-11-21,1580,2.5428985507246376
STORE7,2015-11-28,1759,2.5448741007194244
STORE7,2015-12-05,1474,2.5138235294117646
STORE7,2015-12-12,1623,2.5537043795620438
STORE7,2015-12-19,1617,2.535359712230216
STORE7,2015-12-26,1434,2.5202372262773722
STORE7,2016-01-02,1572,2.5535401459854015
STORE7,2016-01-09,1175,2.5628409090909092
STORE7,2016-01-16,1342,2.5651642335766422
STORE7,2016-01-23,1713,2.53375
STORE7,2016-01-30,1161,2.5648046875
STORE7,2016-02-06,1453,2.4838372093023255
STORE7,2016-02-13,1517,2.558197674418605
STORE7,2016-02-20,1227,2.5773664122137405
STORE7,2016-02-27,1273,2.5540648854961834
STORE7,2016-03-05,1304,2.5238068181818183
STORE7,2016-03-12,1335,2.562226277372263
STORE7,2016-03-19,1459,2.5703053435114502
STORE7,2016-03-26,1475,2.5403977272727274
STORE7,2016-04-02,1500,2.503807692307692
STORE7,2016-04-09,1506,2.5169847328244277
STORE7,2016-04-16,1474,2.5179007633587784
STORE7,2016-04-23,1594,2.51810546875
STORE7,2016-04-30,1469,2.508942307692308
STORE7,2016-05-07,1440,2.521572580645161
STORE7,2016-05-14,1564,2.54265625
STORE7,2016-05-21,1453,2.557322834645669
STORE7,2016-05-28,1809,2.5242350746268656
STORE7,2016-06-04,1648,2.514503816793893
STORE7,2016-06-11,1707,2.54205223880597
STORE7,2016-06-18,1679,2.5179135338345864
STORE7,2016-06-25,1630,2.477519230769231
STORE7,2016-07-02,1775,2.503062015503876
STORE7,2016-07-09,1756,2.480340909090909
STORE7,2016-07-16,1561,2.5559774436090223
STORE7,2016-07-23,1622,2.552118320610687
STORE7,2016-07-30,1508,2.502083333333333
STORE7,2016-08-06,1576,2.4993076923076925
STORE7,2016-08-13,1589,2.4769507575757577
STORE7,2016-08-20,1558,2.552834645669291
STORE7,2016-08-27,1683,2.497628676470588
STORE7,2016-09-03,1703,2.4827189781021897
STORE7,2016-09-10,1880,2.4663636363636363
STORE7,2016-09-17,1583,2.4850190839694655
STORE7,2016-09-24,1542,2.497881679389313
STORE7,2016-10-01,1469,2.5165977443609022
STORE7,2016-10-08,1541,2.5334615384615384
STORE7,2016-10-15,1520,2.5471666666666666
STORE7,2016-10-22,1513,2.5117441860465117
STORE7,2016-10-29,1624,2.5350595238095237
STORE7,2016-11-05,1474,2.5994153225806453
STORE7,2016-11-12,1489,2.650383064516129
STORE7,2016-11-19,1361,2.561177685950413
STORE7,2016-11-26,1599,2.5374793388429753
STORE7,2016-12-03,1330,2.5882231404958675
STORE7,2016-12-10,1387,2.5686680327868854
STORE7,2016-12-17,1446,2.5653225806451614
STORE7,2016-12-24,1553,2.5125
STORE7,2016-12-31,1348,2.5266330645161292
