macro_marketing/BeerSalesData.csv
store,date_of_week,sales,price
STORE8,2010-01-02,1564,2.4306206896551723
STORE8,2010-01-09,1326,2.405089285714286
STORE8,2010-01-16,1395,2.4018793103448277
STORE8,2010-01-23,1468,2.4146575342465755
STORE8,2010-01-30,1369,2.457913669064748
STORE8,2010-02-06,1563,2.4277568493150685
STORE8,2010-02-13,1554,2.4576724137931034
STORE8,2010-02-20,1396,2.490428082191781
STORE8,2010-02-27,1353,2.421555944055944
STORE8,2010-03-06,1445,2.4217021276595743
STORE8,2010-03-13,1533,2.402431506849315
STORE8,2010-03-20,1513,2.448775167785235
STORE8,2010-03-27,1513,2.4003169014084507
STORE8,2010-04-03,1767,2.4275675675675674
STORE8,2010-04-10,1677,2.4319270833333335
STORE8,2010-04-17,1761,2.4546917808219177
STORE8,2010-04-24,1686,2.438013698630137
STORE8,2010-05-01,1682,2.4170659722222223
STORE8,2010-05-08,1909,2.4316493055555557
STORE8,2010-05-15,1803,2.3853169014084505
STORE8,2010-05-22,1774,2.4635616438356163
STORE8,2010-05-29,1828,2.4020637583892617
STORE8,2010-06-05,1829,2.4236258278145697
STORE8,2010-06-12,1807,2.4738926174496645
STORE8,2010-06-19,1808,2.376362068965517
STORE8,2010-06-26,1701,2.3996153846153847
STORE8,2010-07-03,1847,2.3938945578231294
STORE8,2010-07-10,1793,2.392687074829932
STORE8,2010-07-17,1749,2.4999828767123287
STORE8,2010-07-24,1740,2.4266206896551723
STORE8,2010-07-31,1715,2.4381468531468533
STORE8,2010-08-07,1762,2.4644594594594595
STORE8,2010-08-14,1732,2.4672108843537415
STORE8,2010-08-21,1687,2.4114788732394365
STORE8,2010-08-28,1690,2.463868243243243
STORE8,2010-09-04,1800,2.416689655172414
STORE8,2010-09-11,1704,2.3904545454545456
STORE8,2010-09-18,1736,2.5088527397260276
STORE8,2010-09-25,1701,2.5223825503355704
STORE8,2010-10-02,1587,2.461631205673759
STORE8,2010-10-09,1686,2.4616496598639457
STORE8,2010-10-16,1646,2.4772027972027972
STORE8,2010-10-23,1491,2.4166438356164384
STORE8,2010-10-30,1582,2.457312925170068
STORE8,2010-11-06,1610,2.4658390410958906
STORE8,2010-11-13,1365,2.4550694444444443
STORE8,2010-11-20,1711,2.45236013986014
STORE8,2010-11-27,1589,2.4182705479452054
STORE8,2010-12-04,1339,2.3925539568345324
STORE8,2010-12-11,1548,2.382945205479452
STORE8,2010-12-18,1543,2.415777027027027
STORE8,2010-12-25,1716,2.4366442953020133
STORE8,2011-01-01,1547,2.460774647887324
STORE8,2011-01-08,1316,2.4956164383561643
STORE8,2011-01-15,1540,2.499527972027972
STORE8,2011-01-22,1511,2.491181506849315
STORE8,2011-01-29,1441,2.4744718309859155
STORE8,2011-02-05,1602,2.4987666666666666
STORE8,2011-02-12,1657,2.507398648648649
STORE8,2011-02-19,1504,2.5078523489932887
STORE8,2011-02-26,1456,2.464016129032258
STORE8,2011-03-05,1474,2.4749161073825503
STORE8,2011-03-12,1492,2.4964473684210526
STORE8,2011-03-19,1638,2.4564123376623375
STORE8,2011-03-26,1685,2.4664772727272726
STORE8,2011-04-02,1728,2.428202614379085
STORE8,2011-04-09,1693,2.444509493670886
STORE8,2011-04-16,1695,2.404015625
STORE8,2011-04-23,1808,2.447189655172414
STORE8,2011-04-30,1760,2.396598639455782
STORE8,2011-05-07,2066,2.426282894736842
STORE8,2011-05-14,1881,2.4257833333333334
STORE8,2011-05-21,1791,2.4481164383561644
STORE8,2011-05-28,1976,2.4106802721088436
STORE8,2011-06-04,1988,2.36544701986755
STORE8,2011-06-11,1788,2.4058221476510067
STORE8,2011-06-18,1915,2.384510135135135
STORE8,2011-06-25,1921,2.3718027210884354
STORE8,2011-07-02,2043,2.366283783783784
STORE8,2011-07-09,2215,2.33244966442953
STORE8,2011-07-16,1888,2.3797743055555554
STORE8,2011-07-23,1869,2.379486301369863
STORE8,2011-07-30,1808,2.3854194630872483
STORE8,2011-08-06,1851,2.352516447368421
STORE8,2011-08-13,1911,2.3834333333333335
STORE8,2011-08-20,1881,2.3723709677419356
STORE8,2011-08-27,1943,2.4007450331125826
STORE8,2011-09-03,1903,2.335196078431373
STORE8,2011-09-10,1888,2.3458443708609273
STORE8,2011-09-17,1843,2.41705
STORE8,2011-09-24,1796,2.4200645161290324
STORE8,2011-10-01,1812,2.422845394736842
STORE8,2011-10-08,1620,2.413548387096774
STORE8,2011-10-15,1755,2.4542105263157894
STORE8,2011-10-22,1699,2.414029605263158
STORE8,2011-10-29,1808,2.4384516129032257
STORE8,2011-11-05,1712,2.364313725490196
STORE8,2011-11-12,1580,2.370843949044586
STORE8,2011-11-19,1700,2.3396540880503145
STORE8,2011-11-26,1804,2.3774358974358973
STORE8,2011-12-03,1493,2.300951612903226
STORE8,2011-12-10,1528,2.3583823529411765
STORE8,2011-12-17,1651,2.3780128205128204
STORE8,2011-12-24,2057,2.38343949044586
STORE8,2011-12-31,1560,2.3774837662337664
STORE8,2012-01-07,1450,2.3906953642384106
STORE8,2012-01-14,1546,2.3960967741935484
STORE8,2012-01-21,1545,2.3637579617834397
STORE8,2012-01-28,1542,2.38159375
STORE8,2012-02-04,1686,2.3434713375796177
STORE8,2012-02-11,1645,2.3485601265822784
STORE8,2012-02-18,1478,2.4145559210526315
STORE8,2012-02-25,1456,2.39001582278481
STORE8,2012-03-03,1536,2.3953184713375797
STORE8,2012-03-10,1528,2.362548076923077
STORE8,2012-03-17,1654,2.3706446540880504
STORE8,2012-03-24,1568,2.3583548387096775
STORE8,2012-03-31,1686,2.394483870967742
STORE8,2012-04-07,1729,2.374328125
STORE8,2012-04-14,1753,2.3519108280254777
STORE8,2012-04-21,1705,2.384874213836478
STORE8,2012-04-28,1782,2.361740506329114
STORE8,2012-05-05,2055,2.363264331210191
STORE8,2012-05-12,1765,2.3388141025641027
STORE8,2012-05-19,1752,2.36161858974359
STORE8,2012-05-26,1844,2.3830434782608694
STORE8,2012-06-02,1927,2.3621779141104295
STORE8,2012-06-09,1837,2.3445063694267514
STORE8,2012-06-16,1765,2.433699324324324
STORE8,2012-06-23,1715,2.4105194805194805
STORE8,2012-06-30,1725,2.3705833333333333
STORE8,2012-07-07,2060,2.39498417721519
STORE8,2012-07-14,1663,2.397275641025641
STORE8,2012-07-21,1771,2.3886655405405404
STORE8,2012-07-28,1727,2.3768
STORE8,2012-08-04,1856,2.37825
STORE8,2012-08-11,1840,2.375983870967742
STORE8,2012-08-18,1866,2.3506935483870968
STORE8,2012-08-25,1798,2.371103896103896
STORE8,2012-09-01,1888,2.3707051282051284
STORE8,2012-09-08,1727,2.3489677419354837
STORE8,2012-09-15,1712,2.3724350649350647
STORE8,2012-09-22,1666,2.3863636363636362
STORE8,2012-09-29,1600,2.3687421383647798
STORE8,2012-10-06,1677,2.373653846153846
STORE8,2012-10-13,1577,2.4130573248407643
STORE8,2012-10-20,1618,2.412356687898089
STORE8,2012-10-27,1608,2.414811320754717
STORE8,2012-11-03,1630,2.4164814814814815
STORE8,2012-11-10,1519,2.4171069182389937
STORE8,2012-11-17,1533,2.333096774193548
STORE8,2012-11-24,1661,2.4136129032258062
STORE8,2012-12-01,1474,2.3925967741935485
STORE8,2012-12-08,1673,2.3859937888198757
STORE8,2012-12-15,1595,2.3848237179487177
STORE8,2012-12-22,1582,2.351273291925466
STORE8,2012-12-29,1451,2.326882911392405
STORE8,2013-01-05,1462,2.366595394736842
STORE8,2013-01-12,1407,2.4259354838709677
STORE8,2013-01-19,1334,2.350980392156863
STORE8,2013-01-26,1372,2.39765923566879
STORE8,2013-02-02,1431,2.364853896103896
STORE8,2013-02-09,1516,2.436525974025974
STORE8,2013-02-16,1431,2.445238853503185
STORE8,2013-02-23,1444,2.3964093959731545
STORE8,2013-03-02,1478,2.3851729559748427
STORE8,2013-03-09,1439,2.4277056962025316
STORE8,2013-03-16,1495,2.339267515923567
STORE8,2013-03-23,1455,2.3843225806451613
STORE8,2013-03-30,1592,2.336767515923567
STORE8,2013-04-06,1570,2.3568630573248406
STORE8,2013-04-13,1546,2.3597327044025156
STORE8,2013-04-20,1592,2.311703821656051
STORE8,2013-04-27,1695,2.3697699386503066
STORE8,2013-05-04,1607,2.3718055555555555
STORE8,2013-05-11,1637,2.362390625
STORE8,2013-05-18,1649,2.3900471698113206
STORE8,2013-05-25,1689,2.37712962962963
STORE8,2013-06-01,1697,2.414859375
STORE8,2013-06-08,1632,2.3943518518518516
STORE8,2013-06-15,1633,2.3448270440251573
STORE8,2013-06-22,1551,2.407824074074074
STORE8,2013-06-29,1607,2.3220754716981133
STORE8,2013-07-06,1932,2.3856635802469137
STORE8,2013-07-13,1552,2.3739490445859874
STORE8,2013-07-20,1529,2.4097151898734177
STORE8,2013-07-27,1541,2.404177631578947
STORE8,2013-08-03,1606,2.388279220779221
STORE8,2013-08-10,1619,2.380234375
STORE8,2013-08-17,1651,2.3811942675159234
STORE8,2013-08-24,1562,2.3626740506329114
STORE8,2013-08-31,1616,2.3570597484276727
STORE8,2013-09-07,1649,2.376521739130435
STORE8,2013-09-14,1500,2.4092088607594935
STORE8,2013-09-21,1601,2.4488853503184713
STORE8,2013-09-28,1486,2.422981366459627
STORE8,2013-10-05,1524,2.4358636363636363
STORE8,2013-10-12,1495,2.436878787878788
STORE8,2013-10-19,1208,2.4076572327044024
STORE8,2013-10-26,1415,2.4001100628930816
STORE8,2013-11-02,1520,2.4157098765432097
STORE8,2013-11-09,1345,2.3727450980392155
STORE8,2013-11-16,1459,2.3187106918238993
STORE8,2013-11-23,1404,2.399081325301205
STORE8,2013-11-30,1424,2.3602215189873417
STORE8,2013-12-07,1266,2.3683695652173915
STORE8,2013-12-14,1324,2.382577160493827
STORE8,2013-12-21,1389,2.3477329192546583
STORE8,2013-12-28,1347,2.357436305732484
STORE8,2014-01-04,1448,2.408975155279503
STORE8,2014-01-11,1196,2.3712666666666666
STORE8,2014-01-18,1316,2.4055732484076433
STORE8,2014-01-25,1290,2.369503105590062
STORE8,2014-02-01,1393,2.3549386503067486
STORE8,2014-02-08,1353,2.3281901840490797
STORE8,2014-02-15,1308,2.3693167701863356
STORE8,2014-02-22,1399,2.3576807228915664
STORE8,2014-03-01,1342,2.3736280487804877
STORE8,2014-03-08,1264,2.3791114457831326
STORE8,2014-03-15,1295,2.408726993865031
STORE8,2014-03-22,1329,2.3639848484848485
STORE8,2014-03-29,1400,2.3870151515151514
STORE8,2014-04-05,1342,2.393625
STORE8,2014-04-12,1388,2.3130124223602486
STORE8,2014-04-19,1429,2.378425324675325
STORE8,2014-04-26,1550,2.3763375796178345
STORE8,2014-05-03,1525,2.359542483660131
STORE8,2014-05-10,1503,2.3309134615384615
STORE8,2014-05-17,1579,2.340617088607595
STORE8,2014-05-24,1652,2.374936305732484
STORE8,2014-05-31,1634,2.336859375
STORE8,2014-06-07,1573,2.360984375
STORE8,2014-06-14,1574,2.339033742331288
STORE8,2014-06-21,1661,2.315984375
STORE8,2014-06-28,1730,2.352751572327044
STORE8,2014-07-05,1952,2.324922839506173
STORE8,2014-07-12,1489,2.2934394904458597
STORE8,2014-07-19,1600,2.34695987654321
STORE8,2014-07-26,1633,2.3059298780487807
STORE8,2014-08-02,1619,2.3620552147239264
STORE8,2014-08-09,1582,2.299420731707317
STORE8,2014-08-16,1679,2.3437116564417177
STORE8,2014-08-23,1687,2.3302639751552796
STORE8,2014-08-30,1680,2.3085403726708074
STORE8,2014-09-06,1678,2.3588509316770185
STORE8,2014-09-13,1577,2.40234375
STORE8,2014-09-20,1644,2.392875
STORE8,2014-09-27,1515,2.38378125
STORE8,2014-10-04,1516,2.401604938271605
STORE8,2014-10-11,1502,2.368417721518987
STORE8,2014-10-18,1435,2.3687261146496814
STORE8,2014-10-25,1433,2.313032258064516
STORE8,2014-11-01,1621,2.388483870967742
STORE8,2014-11-08,1386,2.3379707792207793
STORE8,2014-11-15,1378,2.40911858974359
STORE8,2014-11-22,1358,2.363658940397351
STORE8,2014-11-29,1565,2.418191823899371
STORE8,2014-12-06,1280,2.403611111111111
STORE8,2014-12-13,1370,2.36996835443038
STORE8,2014-12-20,1402,2.388141025641026
STORE8,2014-12-27,1470,2.3526886792452832
STORE8,2015-01-03,1422,2.4196103896103898
STORE8,2015-01-10,1205,2.363044217687075
STORE8,2015-01-17,1325,2.3778846153846156
STORE8,2015-01-24,1223,2.4574346405228757
STORE8,2015-01-31,1402,2.4162091503267975
STORE8,2015-02-07,1451,2.417468152866242
STORE8,2015-02-14,1304,2.460218120805369
STORE8,2015-02-21,1350,2.4732833333333333
STORE8,2015-02-28,1281,2.4025816993464053
STORE8,2015-03-07,1372,2.410375816993464
STORE8,2015-03-14,1431,2.426910828025478
STORE8,2015-03-21,1405,2.474679487179487
STORE8,2015-03-28,1513,2.5082317073170732
STORE8,2015-04-04,1524,2.4269897959183675
STORE8,2015-04-11,1356,2.4870535714285715
STORE8,2015-04-18,1402,2.4523905109489053
STORE8,2015-04-25,1480,2.418687050359712
STORE8,2015-05-02,1586,2.445344827586207
STORE8,2015-05-09,1524,2.4065909090909092
STORE8,2015-05-16,1375,2.458677536231884
STORE8,2015-05-23,1520,2.4263235294117647
STORE8,2015-05-30,1652,2.424910071942446
STORE8,2015-06-06,1627,2.393797709923664
STORE8,2015-06-13,1563,2.408659420289855
STORE8,2015-06-20,1666,2.431021897810219
STORE8,2015-06-27,1707,2.346969696969697
STORE8,2015-07-04,1936,2.420107142857143
STORE8,2015-07-11,1492,2.381740740740741
STORE8,2015-07-18,1521,2.4146323529411764
STORE8,2015-07-25,1559,2.4074074074074074
STORE8,2015-08-01,1492,2.4240625
STORE8,2015-08-08,1516,2.4019565217391303
STORE8,2015-08-15,1586,2.436113138686131
STORE8,2015-08-22,1631,2.4415185185185186
STORE8,2015-08-29,1502,2.4619074074074074
STORE8,2015-09-05,1568,2.4052757352941176
STORE8,2015-09-12,1717,2.446375
STORE8,2015-09-19,1517,2.4783646616541355
STORE8,2015-09-26,1566,2.4511666666666665
STORE8,2015-10-03,1519,2.4784558823529412
STORE8,2015-10-10,1457,2.469248120300752
STORE8,2015-10-17,1491,2.5147794117647058
STORE8,2015-10-24,1423,2.4913246268656715
STORE8,2015-10-31,1595,2.4656884057971014
STORE8,2015-11-07,1319,2.425093984962406
STORE8,2015-11-14,1441,2.441464285714286
STORE8,2015-11-21,1366,2.381526717557252
STORE8,2015-11-28,1443,2.446630434782609
STORE8,2015-12-05,1596,2.424851851851852
STORE8,2015-12-12,1373,2.426029411764706
STORE8,2015-12-19,1296,2.3948308270676693
STORE8,2015-12-26,1475,2.4377407407407405
STORE8,2016-01-02,1389,2.429558823529412
STORE8,2016-01-09,1171,2.4680185185185186
STORE8,2016-01-16,1281,2.4795075757575757
STORE8,2016-01-23,1355,2.482312030075188
STORE8,2016-01-30,1384,2.4007649253731342
STORE8,2016-02-06,1419,2.432875939849624
STORE8,2016-02-13,1443,2.4474253731343283
STORE8,2016-02-20,1252,2.459828244274809
STORE8,2016-02-27,1419,2.4974629629629628
STORE8,2016-03-05,1439,2.485827205882353
STORE8,2016-03-12,1214,2.415980769230769
STORE8,2016-03-19,1380,2.444732824427481
STORE8,2016-03-26,1343,2.4455681818181816
STORE8,2016-04-02,1297,2.4337406015037595
STORE8,2016-04-09,1393,2.453388888888889
STORE8,2016-04-16,1380,2.5000763358778624
STORE8,2016-04-23,1436,2.4106203007518796
STORE8,2016-04-30,1457,2.4325387596899226
STORE8,2016-05-07,1641,2.431044776119403
STORE8,2016-05-14,1764,2.4619767441860465
STORE8,2016-05-21,1542,2.47162213740458
STORE8,2016-05-28,1645,2.4003492647058824
STORE8,2016-06-04,1713,2.4630410447761193
STORE8,2016-06-11,1456,2.4449810606060605
STORE8,2016-06-18,1577,2.4686259541984734
STORE8,2016-06-25,1541,2.473
STORE8,2016-07-02,1679,2.3900373134328357
STORE8,2016-07-09,1884,2.4276127819548874
STORE8,2016-07-16,1493,2.524736842105263
STORE8,2016-07-23,1547,2.471807692307692
STORE8,2016-07-30,1573,2.4755263157894736
STORE8,2016-08-06,1563,2.47613309352518
STORE8,2016-08-13,1586,2.4687209302325583
STORE8,2016-08-20,1706,2.512857142857143
STORE8,2016-08-27,1583,2.491241007194245
STORE8,2016-09-03,1629,2.434
STORE8,2016-09-10,1683,2.4183639705882354
STORE8,2016-09-17,1501,2.4247574626865673
STORE8,2016-09-24,1463,2.4195075757575757
STORE8,2016-10-01,1543,2.4480330882352943
STORE8,2016-10-08,1849,2.4931159420289855
STORE8,2016-10-15,1621,2.5052631578947366
STORE8,2016-10-22,1563,2.4873643410852715
STORE8,2016-10-29,1541,2.535314814814815
STORE8,2016-11-05,1469,2.4383914728682172
STORE8,2016-11-12,1495,2.488992537313433
STORE8,2016-11-19,1377,2.4093283582089553
STORE8,2016-11-26,1560,2.486641791044776
STORE8,2016-12-03,1266,2.497064393939394
STORE8,2016-12-10,1255,2.4562786259541984
STORE8,2016-12-17,1413,2.4243939393939393
STORE8,2016-12-24,1649,2.436433823529412
STORE8,2016-12-31,1202,2.3961068702290076
