macro_marketing/BeerSalesData.csv
store,date_of_week,sales,price
STORE9,2010-01-02,1456,2.614513274336283
STORE9,2010-01-09,1368,2.6442660550458714
STORE9,2010-01-16,1520,2.6688260869565217
STORE9,2010-01-23,1397,2.700199115044248
STORE9,2010-01-30,1373,2.6634734513274334
STORE9,2010-02-06,1466,2.6646017699115045
STORE9,2010-02-13,1535,2.7000431034482757
STORE9,2010-02-20,1387,2.7691814159292036
STORE9,2010-02-27,1298,2.6284047619047617
STORE9,2010-03-06,1417,2.7471551724137933
STORE9,2010-03-13,1377,2.687372881355932
STORE9,2010-03-20,1466,2.6944298245614036
STORE9,2010-03-27,1471,2.7025
STORE9,2010-04-03,1495,2.6890811965811965
STORE9,2010-04-10,1726,2.693060344827586
STORE9,2010-04-17,1718,2.7581410256410255
STORE9,2010-04-24,1552,2.6928271028037383
STORE9,2010-05-01,1697,2.6755607476635515
STORE9,2010-05-08,1823,2.601603773584906
STORE9,2010-05-15,1744,2.5952272727272727
STORE9,2010-05-22,1760,2.6385046728971964
STORE9,2010-05-29,1823,2.5659198113207546
STORE9,2010-06-05,1996,2.6266509433962266
STORE9,2010-06-12,1836,2.5853217821782177
STORE9,2010-06-19,1815,2.5954439252336448
STORE9,2010-06-26,1757,2.61
STORE9,2010-07-03,1789,2.570673076923077
STORE9,2010-07-10,1906,2.56377358490566
STORE9,2010-07-17,1830,2.6317233009708736
STORE9,2010-07-24,1819,2.635980392156863
STORE9,2010-07-31,1728,2.6211650485436895
STORE9,2010-08-07,1789,2.6175490196078433
STORE9,2010-08-14,1725,2.618019801980198
STORE9,2010-08-21,1750,2.669368932038835
STORE9,2010-08-28,1819,2.6630392156862746
STORE9,2010-09-04,1709,2.6256683168316832
STORE9,2010-09-11,1873,2.639642857142857
STORE9,2010-09-18,1757,2.698865740740741
STORE9,2010-09-25,1624,2.7533254716981133
STORE9,2010-10-02,1759,2.748561320754717
STORE9,2010-10-09,1642,2.7500485436893203
STORE9,2010-10-16,1593,2.7062745098039214
STORE9,2010-10-23,1578,2.6515330188679247
STORE9,2010-10-30,1580,2.6474757281553396
STORE9,2010-11-06,1486,2.649766355140187
STORE9,2010-11-13,1373,2.630303738317757
STORE9,2010-11-20,1290,2.61565
STORE9,2010-11-27,1312,2.657379807692308
STORE9,2010-12-04,1164,2.661361386138614
STORE9,2010-12-11,1166,2.6370052083333335
STORE9,2010-12-18,1285,2.6263861386138614
STORE9,2010-12-25,1045,2.61085
STORE9,2011-01-01,1238,2.638440594059406
STORE9,2011-01-08,1041,2.694552631578947
STORE9,2011-01-15,1138,2.683894736842105
STORE9,2011-01-22,1214,2.694819587628866
STORE9,2011-01-29,1085,2.6963563829787236
STORE9,2011-02-05,1265,2.653125
STORE9,2011-02-12,1175,2.63215
STORE9,2011-02-19,1218,2.6914851485148517
STORE9,2011-02-26,1106,2.67865
STORE9,2011-03-05,1167,2.644520202020202
STORE9,2011-03-12,1155,2.6340500000000002
STORE9,2011-03-19,1311,2.6450526315789475
STORE9,2011-03-26,1304,2.700442708333333
STORE9,2011-04-02,1404,2.665563725490196
STORE9,2011-04-09,1330,2.665294117647059
STORE9,2011-04-16,1453,2.539527027027027
STORE9,2011-04-23,1460,2.623220338983051
STORE9,2011-04-30,1586,2.5954687499999998
STORE9,2011-05-07,1550,2.5963616071428572
STORE9,2011-05-14,1515,2.6045258620689653
STORE9,2011-05-21,1546,2.667413043478261
STORE9,2011-05-28,1466,2.5830701754385963
STORE9,2011-06-04,1651,2.5872477064220183
STORE9,2011-06-11,1521,2.616340909090909
STORE9,2011-06-18,1580,2.555219298245614
STORE9,2011-06-25,1539,2.5514285714285716
STORE9,2011-07-02,1617,2.5472619047619047
STORE9,2011-07-09,1824,2.5374324324324324
STORE9,2011-07-16,1591,2.5678440366972475
STORE9,2011-07-23,1534,2.5461574074074074
STORE9,2011-07-30,1587,2.5950669642857145
STORE9,2011-08-06,1677,2.5078043478260867
STORE9,2011-08-13,1668,2.497872807017544
STORE9,2011-08-20,1750,2.557837837837838
STORE9,2011-08-27,1698,2.560608695652174
STORE9,2011-09-03,1727,2.5285087719298245
STORE9,2011-09-10,1701,2.572171052631579
STORE9,2011-09-17,1697,2.595275229357798
STORE9,2011-09-24,1604,2.601798245614035
STORE9,2011-10-01,1781,2.5947045454545457
STORE9,2011-10-08,1477,2.647595238095238
STORE9,2011-10-15,1678,2.6736926605504587
STORE9,2011-10-22,1563,2.6494859813084113
STORE9,2011-10-29,1561,2.5845
STORE9,2011-11-05,1586,2.6197391304347826
STORE9,2011-11-12,1558,2.58686320754717
STORE9,2011-11-19,1484,2.600796460176991
STORE9,2011-11-26,1606,2.6120353982300886
STORE9,2011-12-03,1402,2.534659090909091
STORE9,2011-12-10,1493,2.602126168224299
STORE9,2011-12-17,1495,2.5629424778761063
STORE9,2011-12-24,1426,2.6415046296296296
STORE9,2011-12-31,1240,2.6231858407079645
STORE9,2012-01-07,1366,2.6437259615384616
STORE9,2012-01-14,1378,2.710175438596491
STORE9,2012-01-21,1515,2.670665137614679
STORE9,2012-01-28,1503,2.6324047619047617
STORE9,2012-02-04,1508,2.6103971962616823
STORE9,2012-02-11,1600,2.661949541284404
STORE9,2012-02-18,1515,2.6303365384615383
STORE9,2012-02-25,1484,2.622272727272727
STORE9,2012-03-03,1545,2.5794036697247704
STORE9,2012-03-10,1441,2.588404761904762
STORE9,2012-03-17,1616,2.594059633027523
STORE9,2012-03-24,1603,2.6019318181818183
STORE9,2012-03-31,1845,2.5791216216216215
STORE9,2012-04-07,1777,2.6042410714285715
STORE9,2012-04-14,1880,2.580608695652174
STORE9,2012-04-21,2010,2.5970258620689655
STORE9,2012-04-28,1949,2.53358407079646
STORE9,2012-05-05,2102,2.5221458333333335
STORE9,2012-05-12,1921,2.54551724137931
STORE9,2012-05-19,1901,2.5252564102564103
STORE9,2012-05-26,2099,2.5266239316239316
STORE9,2012-06-02,1987,2.537247899159664
STORE9,2012-06-09,1843,2.610366379310345
STORE9,2012-06-16,1724,2.5033870967741936
STORE9,2012-06-23,1686,2.530199115044248
STORE9,2012-06-30,1741,2.5080855855855857
STORE9,2012-07-07,2152,2.4773026315789473
STORE9,2012-07-14,1676,2.48078125
STORE9,2012-07-21,1856,2.5383558558558557
STORE9,2012-07-28,1857,2.522411504424779
STORE9,2012-08-04,1913,2.445
STORE9,2012-08-11,1994,2.539607438016529
STORE9,2012-08-18,1998,2.478934782608696
STORE9,2012-08-25,2054,2.520304347826087
STORE9,2012-09-01,2015,2.4190384615384617
STORE9,2012-09-08,2177,2.4623305084745764
STORE9,2012-09-15,1903,2.500769230769231
STORE9,2012-09-22,1998,2.4916964285714287
STORE9,2012-09-29,2005,2.477455357142857
STORE9,2012-10-06,2003,2.526025641025641
STORE9,2012-10-13,1921,2.4856858407079647
STORE9,2012-10-20,1843,2.4873660714285712
STORE9,2012-10-27,1905,2.493377192982456
STORE9,2012-11-03,1933,2.4068973214285716
STORE9,2012-11-10,1821,2.4453863636363637
STORE9,2012-11-17,1738,2.4952136752136753
STORE9,2012-11-24,1642,2.440328947368421
STORE9,2012-12-01,1638,2.4718201754385967
STORE9,2012-12-08,1829,2.457217391304348
STORE9,2012-12-15,1745,2.3930434782608696
STORE9,2012-12-22,1559,2.3908636363636364
STORE9,2012-12-29,1380,2.417943925233645
STORE9,2013-01-05,1721,2.4611422413793105
STORE9,2013-01-12,1528,2.5183644859813086
STORE9,2013-01-19,1723,2.5131981981981983
STORE9,2013-01-26,1717,2.4686383928571427
STORE9,2013-02-02,1738,2.4762387387387386
STORE9,2013-02-09,1813,2.4789565217391303
STORE9,2013-02-16,1760,2.522175925925926
STORE9,2013-02-23,1732,2.499189189189189
STORE9,2013-03-02,1830,2.510304347826087
STORE9,2013-03-09,1774,2.516754385964912
STORE9,2013-03-16,1751,2.534130434782609
STORE9,2013-03-23,1842,2.458429752066116
STORE9,2013-03-30,1909,2.4820132743362833
STORE9,2013-04-06,1936,2.4957894736842103
STORE9,2013-04-13,1947,2.5198491379310344
STORE9,2013-04-20,1991,2.4784110169491527
STORE9,2013-04-27,1971,2.4266041666666665
STORE9,2013-05-04,2098,2.4010833333333332
STORE9,2013-05-11,2036,2.4238709677419354
STORE9,2013-05-18,1950,2.470645833333333
STORE9,2013-05-25,2031,2.4534375
STORE9,2013-06-01,2093,2.45489406779661
STORE9,2013-06-08,1929,2.4473076923076924
STORE9,2013-06-15,1990,2.4448541666666666
STORE9,2013-06-22,1947,2.442521739130435
STORE9,2013-06-29,1898,2.46174
STORE9,2013-07-06,2229,2.4280371900826445
STORE9,2013-07-13,1836,2.4570217391304348
STORE9,2013-07-20,1807,2.425413043478261
STORE9,2013-07-27,1913,2.488844537815126
STORE9,2013-08-03,1942,2.5175
STORE9,2013-08-10,1964,2.3972291666666665
STORE9,2013-08-17,2051,2.4590368852459017
STORE9,2013-08-24,1950,2.4188958333333335
STORE9,2013-08-31,2096,2.4173478260869565
STORE9,2013-09-07,2014,2.419385593220339
STORE9,2013-09-14,1936,2.4716737288135593
STORE9,2013-09-21,1887,2.491930894308943
STORE9,2013-09-28,1804,2.4785685483870967
STORE9,2013-10-05,1955,2.50642
STORE9,2013-10-12,1761,2.49872
STORE9,2013-10-19,1767,2.460952380952381
STORE9,2013-10-26,1744,2.4980555555555557
STORE9,2013-11-02,1789,2.4914285714285715
STORE9,2013-11-09,1812,2.505909090909091
STORE9,2013-11-16,1643,2.49554
STORE9,2013-11-23,1574,2.4503813559322034
STORE9,2013-11-30,1558,2.4409297520661157
STORE9,2013-12-07,1595,2.425966386554622
STORE9,2013-12-14,1609,2.4411157024793386
STORE9,2013-12-21,1653,2.4410772357723576
STORE9,2013-12-28,1289,2.3895043103448277
STORE9,2014-01-04,1671,2.408340336134454
STORE9,2014-01-11,1415,2.4757456140350875
STORE9,2014-01-18,1555,2.4495394736842107
STORE9,2014-01-25,1476,2.485572033898305
STORE9,2014-02-01,1633,2.4221218487394958
STORE9,2014-02-08,1695,2.448109756097561
STORE9,2014-02-15,1587,2.4629132231404958
STORE9,2014-02-22,1681,2.4897560975609756
STORE9,2014-03-01,1639,2.4734756097560977
STORE9,2014-03-08,1670,2.4586570247933883
STORE9,2014-03-15,1533,2.430791666666667
STORE9,2014-03-22,1594,2.498067226890756
STORE9,2014-03-29,1667,2.4511475409836065
STORE9,2014-04-05,1673,2.455241935483871
STORE9,2014-04-12,1792,2.4750619834710745
STORE9,2014-04-19,1650,2.4302845528455284
STORE9,2014-04-26,1750,2.43258547008547
STORE9,2014-05-03,1840,2.4142920353982302
STORE9,2014-05-10,1920,2.36784188034188
STORE9,2014-05-17,1747,2.381764705882353
STORE9,2014-05-24,1805,2.3651829268292683
STORE9,2014-05-31,1918,2.3914344262295084
STORE9,2014-06-07,1693,2.4235084033613443
STORE9,2014-06-14,1802,2.3848706896551723
STORE9,2014-06-21,1886,2.4038223140495867
STORE9,2014-06-28,1884,2.3648347107438017
STORE9,2014-07-05,2160,2.358728813559322
STORE9,2014-07-12,1641,2.3150619834710744
STORE9,2014-07-19,1783,2.4030416666666667
STORE9,2014-07-26,1873,2.4068647540983608
STORE9,2014-08-02,1627,2.400735294117647
STORE9,2014-08-09,1721,2.334194214876033
STORE9,2014-08-16,1775,2.3866869918699187
STORE9,2014-08-23,1877,2.359872881355932
STORE9,2014-08-30,1858,2.37241452991453
STORE9,2014-09-06,1963,2.4524793388429753
STORE9,2014-09-13,1838,2.4409745762711865
STORE9,2014-09-20,1837,2.404139344262295
STORE9,2014-09-27,1870,2.38719298245614
STORE9,2014-10-04,1771,2.417315573770492
STORE9,2014-10-11,1756,2.4272916666666666
STORE9,2014-10-18,1704,2.4788
STORE9,2014-10-25,1572,2.4335805084745763
STORE9,2014-11-01,1731,2.4382926829268294
STORE9,2014-11-08,1686,2.4503252032520324
STORE9,2014-11-15,1607,2.4746638655462183
STORE9,2014-11-22,1573,2.484216101694915
STORE9,2014-11-29,1557,2.4591598360655738
STORE9,2014-12-06,1563,2.444423076923077
STORE9,2014-12-13,1758,2.4827642276422766
STORE9,2014-12-20,1550,2.4239823008849557
STORE9,2014-12-27,1249,2.4459649122807017
STORE9,2015-01-03,1407,2.4186134453781514
STORE9,2015-01-10,1542,2.4690208333333334
STORE9,2015-01-17,1410,2.501198347107438
STORE9,2015-01-24,1462,2.5042226890756303
STORE9,2015-01-31,1488,2.4786363636363635
STORE9,2015-02-07,1574,2.4378252032520327
STORE9,2015-02-14,1419,2.4472899159663863
STORE9,2015-02-21,1526,2.5124795081967215
STORE9,2015-02-28,1527,2.5029878048780487
STORE9,2015-03-07,1662,2.5233858267716536
STORE9,2015-03-14,1698,2.5069354838709677
STORE9,2015-03-21,1649,2.517116935483871
STORE9,2015-03-28,1732,2.5278512396694217
STORE9,2015-04-04,1752,2.5538565891472866
STORE9,2015-04-11,1752,2.4846271929824564
STORE9,2015-04-18,1704,2.478125
STORE9,2015-04-25,1824,2.496808035714286
STORE9,2015-05-02,1802,2.4773660714285715
STORE9,2015-05-09,1748,2.4646666666666666
STORE9,2015-05-16,1659,2.4463302752293576
STORE9,2015-05-23,1776,2.4701635514018694
STORE9,2015-05-30,1944,2.4516981132075473
STORE9,2015-06-06,2275,2.5052850877192983
STORE9,2015-06-13,1877,2.4282798165137613
STORE9,2015-06-20,1831,2.459409090909091
STORE9,2015-06-27,1909,2.4697222222222224
STORE9,2015-07-04,2139,2.430353982300885
STORE9,2015-07-11,1599,2.42325
STORE9,2015-07-18,1798,2.467264150943396
STORE9,2015-07-25,1860,2.491371681415929
STORE9,2015-08-01,1761,2.46740990990991
STORE9,2015-08-08,1671,2.467155963302752
STORE9,2015-08-15,1771,2.4557017543859647
STORE9,2015-08-22,1797,2.447522123893805
STORE9,2015-08-29,1713,2.4734579439252338
STORE9,2015-09-05,1743,2.40518018018018
STORE9,2015-09-12,1710,2.453086956521739
STORE9,2015-09-19,1700,2.486163793103448
STORE9,2015-09-26,1652,2.4139955357142857
STORE9,2015-10-03,1795,2.506527777777778
STORE9,2015-10-10,1647,2.549547619047619
STORE9,2015-10-17,1694,2.5478181818181818
STORE9,2015-10-24,1589,2.5264622641509433
STORE9,2015-10-31,1649,2.485513392857143
STORE9,2015-11-07,1534,2.4536607142857143
STORE9,2015-11-14,1462,2.4622596153846152
STORE9,2015-11-21,1412,2.4234285714285715
STORE9,2015-11-28,1511,2.428431818181818
STORE9,2015-12-05,1344,2.420665137614679
STORE9,2015-12-12,1414,2.458587962962963
STORE9,2015-12-19,1380,2.430648148148148
STORE9,2015-12-26,1183,2.4453378378378376
STORE9,2016-01-02,1293,2.4356074766355142
STORE9,2016-01-09,1155,2.4423039215686275
STORE9,2016-01-16,1145,2.549775
STORE9,2016-01-23,1024,2.73225
STORE9,2016-01-30,1076,2.44125
STORE9,2016-02-06,1532,2.4464950980392155
STORE9,2016-02-13,1719,2.3809635416666666
STORE9,2016-02-20,1683,2.4084313725490194
STORE9,2016-02-27,1640,2.401725
STORE9,2016-03-05,1855,2.4150247524752477
STORE9,2016-03-12,1766,2.4144191919191917
STORE9,2016-03-19,1805,2.4856052631578947
STORE9,2016-03-26,1779,2.4111458333333333
STORE9,2016-04-02,1924,2.434275
STORE9,2016-04-09,1976,2.455122549019608
STORE9,2016-04-16,2040,2.4612
STORE9,2016-04-23,2171,2.398030303030303
STORE9,2016-04-30,2066,2.4284375
STORE9,2016-05-07,2175,2.3777696078431374
STORE9,2016-05-14,2199,2.3711
STORE9,2016-05-21,2068,2.421514423076923
STORE9,2016-05-28,2255,2.344666666666667
STORE9,2016-06-04,2252,2.3432178217821784
STORE9,2016-06-11,2018,2.390673076923077
STORE9,2016-06-18,1891,2.370121359223301
STORE9,2016-06-25,2082,2.3924038461538464
STORE9,2016-07-02,2288,2.382970297029703
STORE9,2016-07-09,2391,2.373175
STORE9,2016-07-16,2050,2.402843137254902
STORE9,2016-07-23,2158,2.4382070707070707
STORE9,2016-07-30,1823,2.4094660194174757
STORE9,2016-08-06,2106,2.3936029411764705
STORE9,2016-08-13,2057,2.394387254901961
STORE9,2016-08-20,2222,2.4052163461538463
STORE9,2016-08-27,2048,2.4228935185185185
STORE9,2016-09-03,2222,2.3651682692307694
STORE9,2016-09-10,2212,2.349595238095238
STORE9,2016-09-17,2064,2.329047619047619
STORE9,2016-09-24,2095,2.407620192307692
STORE9,2016-10-01,2181,2.3951886792452832
STORE9,2016-10-08,2072,2.4462740384615387
STORE9,2016-10-15,2298,2.458712871287129
STORE9,2016-10-22,2182,2.478616504854369
STORE9,2016-10-29,2213,2.4505882352941177
STORE9,2016-11-05,2125,2.432331730769231
STORE9,2016-11-12,2150,2.405668316831683
STORE9,2016-11-19,2076,2.390787037037037
STORE9,2016-11-26,2129,2.3781190476190477
STORE9,2016-12-03,1880,2.38219696969697
STORE9,2016-12-10,1881,2.44220297029703
STORE9,2016-12-17,1906,2.403275
STORE9,2016-12-24,1939,2.377831632653061
STORE9,2016-12-31,1520,2.357421052631579
